Archive member included because of file (symbol)

/home/aaa/.arduino15/packages/arduino/hardware/sam/1.6.12/variants/arduino_due_x/libsam_sam3x8e_gcc_rel.a(pio.o)
                              /home/aaa/llvm-arduino-due/build/core/variant.cpp.o (PIO_Configure)
/home/aaa/.arduino15/packages/arduino/hardware/sam/1.6.12/variants/arduino_due_x/libsam_sam3x8e_gcc_rel.a(pmc.o)
                              /home/aaa/llvm-arduino-due/build/core/variant.cpp.o (pmc_enable_periph_clk)
/home/aaa/.arduino15/packages/arduino/hardware/sam/1.6.12/variants/arduino_due_x/libsam_sam3x8e_gcc_rel.a(system_sam3xa.o)
                              /home/aaa/llvm-arduino-due/build/core/variant.cpp.o (SystemInit)
/home/aaa/.arduino15/packages/arduino/hardware/sam/1.6.12/variants/arduino_due_x/libsam_sam3x8e_gcc_rel.a(startup_sam3xa.o)
                              (Reset_Handler)
/home/aaa/.arduino15/packages/arduino/hardware/sam/1.6.12/variants/arduino_due_x/libsam_sam3x8e_gcc_rel.a(adc.o)
                              /home/aaa/llvm-arduino-due/build/core/variant.cpp.o (adc_init)
/home/aaa/.arduino15/packages/arduino/hardware/sam/1.6.12/variants/arduino_due_x/libsam_sam3x8e_gcc_rel.a(uotghs.o)
                              /home/aaa/.arduino15/packages/arduino/hardware/sam/1.6.12/variants/arduino_due_x/libsam_sam3x8e_gcc_rel.a(startup_sam3xa.o) (UOTGHS_Handler)
/home/aaa/llvm-arduino-due/build/core.a(wiring_analog.c.o)
                              /home/aaa/llvm-arduino-due/build/core/variant.cpp.o (analogOutputInit)
/home/aaa/llvm-arduino-due/build/core.a(cortex_handlers.c.o)
                              /home/aaa/.arduino15/packages/arduino/hardware/sam/1.6.12/variants/arduino_due_x/libsam_sam3x8e_gcc_rel.a(startup_sam3xa.o) (ADC_Handler)
/home/aaa/llvm-arduino-due/build/core.a(hooks.c.o)
                              /home/aaa/llvm-arduino-due/build/core.a(cortex_handlers.c.o) (pendSVHook)
/home/aaa/llvm-arduino-due/build/core.a(wiring.c.o)
                              /home/aaa/llvm-arduino-due/build/Blink.ino.cpp.o (delay)
/home/aaa/llvm-arduino-due/build/core.a(syscalls_sam3.c.o)
                              (_close)
/home/aaa/llvm-arduino-due/build/core.a(wiring_digital.c.o)
                              /home/aaa/llvm-arduino-due/build/core/variant.cpp.o (digitalWrite)
/home/aaa/llvm-arduino-due/build/core.a(Print.cpp.o)
                              /home/aaa/llvm-arduino-due/build/Blink.ino.cpp.o (Print::print(char const*))
/home/aaa/llvm-arduino-due/build/core.a(USARTClass.cpp.o)
                              /home/aaa/llvm-arduino-due/build/core/variant.cpp.o (USARTClass::USARTClass(Usart*, IRQn, unsigned int, RingBuffer*, RingBuffer*))
/home/aaa/llvm-arduino-due/build/core.a(USBCore.cpp.o)
                              /home/aaa/llvm-arduino-due/build/Blink.ino.cpp.o (USBDevice)
/home/aaa/llvm-arduino-due/build/core.a(CDC.cpp.o)
                              /home/aaa/llvm-arduino-due/build/core.a(USBCore.cpp.o) (SerialUSB)
/home/aaa/llvm-arduino-due/build/core.a(UARTClass.cpp.o)
                              /home/aaa/llvm-arduino-due/build/core/variant.cpp.o (UARTClass::IrqHandler())
/home/aaa/llvm-arduino-due/build/core.a(watchdog.cpp.o)
                              /home/aaa/llvm-arduino-due/build/Blink.ino.cpp.o (watchdogSetup())
/home/aaa/llvm-arduino-due/build/core.a(RingBuffer.cpp.o)
                              /home/aaa/llvm-arduino-due/build/core.a(UARTClass.cpp.o) (RingBuffer::store_char(unsigned char))
/home/aaa/llvm-arduino-due/build/core.a(Reset.cpp.o)
                              /home/aaa/llvm-arduino-due/build/core.a(CDC.cpp.o) (cancelReset)
/home/aaa/llvm-arduino-due/build/core.a(PluggableUSB.cpp.o)
                              /home/aaa/llvm-arduino-due/build/core.a(USBCore.cpp.o) (PluggableUSB())
/home/aaa/.arduino15/packages/arduino/hardware/sam/1.6.12/variants/arduino_due_x/libsam_sam3x8e_gcc_rel.a(pwmc.o)
                              /home/aaa/llvm-arduino-due/build/core.a(wiring_analog.c.o) (PWMC_ConfigureChannel)
/home/aaa/.arduino15/packages/arduino/hardware/sam/1.6.12/variants/arduino_due_x/libsam_sam3x8e_gcc_rel.a(tc.o)
                              /home/aaa/llvm-arduino-due/build/core.a(wiring_analog.c.o) (TC_Configure)
/home/aaa/.arduino15/packages/arduino/hardware/sam/1.6.12/variants/arduino_due_x/libsam_sam3x8e_gcc_rel.a(timetick.o)
                              /home/aaa/llvm-arduino-due/build/core.a(cortex_handlers.c.o) (TimeTick_Increment)
/home/aaa/.arduino15/packages/arduino/hardware/sam/1.6.12/variants/arduino_due_x/libsam_sam3x8e_gcc_rel.a(wdt.o)
                              /home/aaa/llvm-arduino-due/build/core.a(watchdog.cpp.o) (WDT_Enable)
/home/aaa/.arduino15/packages/arduino/hardware/sam/1.6.12/variants/arduino_due_x/libsam_sam3x8e_gcc_rel.a(interrupt_sam_nvic.o)
                              /home/aaa/llvm-arduino-due/build/core.a(USBCore.cpp.o) (g_interrupt_enabled)
[...]
Memory Configuration

Name             Origin             Length             Attributes
rom              0x0000000000080000 0x0000000000080000 xr
sram0            0x0000000020000000 0x0000000000010000 xrw
sram1            0x0000000020080000 0x0000000000008000 xrw
ram              0x0000000020070000 0x0000000000018000 xrw
*default*        0x0000000000000000 0xffffffffffffffff

Linker script and memory map

LOAD /home/aaa/.arduino15/packages/arduino/tools/arm-none-eabi-gcc/4.8.3-2014q1/bin/../lib/gcc/arm-none-eabi/4.8.3/armv7-m/crti.o
LOAD /home/aaa/.arduino15/packages/arduino/tools/arm-none-eabi-gcc/4.8.3-2014q1/bin/../lib/gcc/arm-none-eabi/4.8.3/armv7-m/crtbegin.o
LOAD /home/aaa/.arduino15/packages/arduino/tools/arm-none-eabi-gcc/4.8.3-2014q1/bin/../lib/gcc/arm-none-eabi/4.8.3/../../../../arm-none-eabi/lib/armv7-m/crt0.o
START GROUP
LOAD /home/aaa/llvm-arduino-due/build/Blink.ino.cpp.o
LOAD /home/aaa/llvm-arduino-due/build/core/variant.cpp.o
LOAD /home/aaa/.arduino15/packages/arduino/hardware/sam/1.6.12/variants/arduino_due_x/libsam_sam3x8e_gcc_rel.a
LOAD /home/aaa/llvm-arduino-due/build/core.a
END GROUP
LOAD /home/aaa/.arduino15/packages/arduino/tools/arm-none-eabi-gcc/4.8.3-2014q1/bin/../lib/gcc/arm-none-eabi/4.8.3/../../../../arm-none-eabi/lib/armv7-m/libm.a
START GROUP
LOAD /home/aaa/.arduino15/packages/arduino/tools/arm-none-eabi-gcc/4.8.3-2014q1/bin/../lib/gcc/arm-none-eabi/4.8.3/armv7-m/libgcc.a
LOAD /home/aaa/.arduino15/packages/arduino/tools/arm-none-eabi-gcc/4.8.3-2014q1/bin/../lib/gcc/arm-none-eabi/4.8.3/../../../../arm-none-eabi/lib/armv7-m/libg.a
LOAD /home/aaa/.arduino15/packages/arduino/tools/arm-none-eabi-gcc/4.8.3-2014q1/bin/../lib/gcc/arm-none-eabi/4.8.3/../../../../arm-none-eabi/lib/armv7-m/libc.a
END GROUP
LOAD /home/aaa/.arduino15/packages/arduino/tools/arm-none-eabi-gcc/4.8.3-2014q1/bin/../lib/gcc/arm-none-eabi/4.8.3/armv7-m/crtend.o
LOAD /home/aaa/.arduino15/packages/arduino/tools/arm-none-eabi-gcc/4.8.3-2014q1/bin/../lib/gcc/arm-none-eabi/4.8.3/armv7-m/crtn.o

.text           0x0000000000080000     0xb7b4
                0x0000000000080000                . = ALIGN (0x4)
                0x0000000000080000                _sfixed = .
 *(.vectors .vectors.*)
 .vectors       0x0000000000080000       0xf4 /home/aaa/.arduino15/packages/arduino/hardware/sam/1.6.12/variants/arduino_due_x/libsam_sam3x8e_gcc_rel.a(startup_sam3xa.o)
                0x0000000000080000                exception_table
 *(.text .text.* .gnu.linkonce.t.*)
 .text          0x00000000000800f4       0x54 /home/aaa/.arduino15/packages/arduino/tools/arm-none-eabi-gcc/4.8.3-2014q1/bin/../lib/gcc/arm-none-eabi/4.8.3/armv7-m/crtbegin.o
 .text          0x0000000000080148      0x1fa /home/aaa/llvm-arduino-due/build/Blink.ino.cpp.o
                0x0000000000080148                initVariant
                0x0000000000080190                main
                0x00000000000801d8                setup
                0x00000000000802a8                loop
                0x00000000000802f0                good()
                0x000000000008033c                __cxa_pure_virtual
 *fill*         0x0000000000080342        0x2 
 .text          0x0000000000080344      0x990 /home/aaa/llvm-arduino-due/build/core/variant.cpp.o
                0x000000000008041c                serialEvent()
                0x0000000000080464                UART_Handler
                0x0000000000080684                serialEvent1()
                0x000000000008072c                serialEvent2()
                0x00000000000807d4                serialEvent3()
                0x000000000008081c                USART0_Handler
                0x0000000000080874                USART1_Handler
                0x00000000000808cc                USART3_Handler
                0x0000000000080924                serialEventRun()
                0x00000000000809c8                init
 .text.PIO_PullUp
                0x0000000000080cd4        0xa /home/aaa/.arduino15/packages/arduino/hardware/sam/1.6.12/variants/arduino_due_x/libsam_sam3x8e_gcc_rel.a(pio.o)
                0x0000000000080cd4                PIO_PullUp
 .text.PIO_Get  0x0000000000080cde       0x14 /home/aaa/.arduino15/packages/arduino/hardware/sam/1.6.12/variants/arduino_due_x/libsam_sam3x8e_gcc_rel.a(pio.o)
                0x0000000000080cde                PIO_Get
 .text.PIO_SetPeripheral
                0x0000000000080cf2       0x26 /home/aaa/.arduino15/packages/arduino/hardware/sam/1.6.12/variants/arduino_due_x/libsam_sam3x8e_gcc_rel.a(pio.o)
                0x0000000000080cf2                PIO_SetPeripheral
 .text.PIO_SetInput
                0x0000000000080d18       0x26 /home/aaa/.arduino15/packages/arduino/hardware/sam/1.6.12/variants/arduino_due_x/libsam_sam3x8e_gcc_rel.a(pio.o)
                0x0000000000080d18                PIO_SetInput
 .text.PIO_SetOutput
                0x0000000000080d3e       0x24 /home/aaa/.arduino15/packages/arduino/hardware/sam/1.6.12/variants/arduino_due_x/libsam_sam3x8e_gcc_rel.a(pio.o)
                0x0000000000080d3e                PIO_SetOutput
 *fill*         0x0000000000080d62        0x2 
 .text.PIO_Configure
                0x0000000000080d64       0x64 /home/aaa/.arduino15/packages/arduino/hardware/sam/1.6.12/variants/arduino_due_x/libsam_sam3x8e_gcc_rel.a(pio.o)
                0x0000000000080d64                PIO_Configure
 .text.PIO_GetOutputDataStatus
                0x0000000000080dc8       0x14 /home/aaa/.arduino15/packages/arduino/hardware/sam/1.6.12/variants/arduino_due_x/libsam_sam3x8e_gcc_rel.a(pio.o)
                0x0000000000080dc8                PIO_GetOutputDataStatus
 .text.pmc_enable_upll_clock
                0x0000000000080ddc       0x14 /home/aaa/.arduino15/packages/arduino/hardware/sam/1.6.12/variants/arduino_due_x/libsam_sam3x8e_gcc_rel.a(pmc.o)
                0x0000000000080ddc                pmc_enable_upll_clock
 .text.pmc_enable_periph_clk
                0x0000000000080df0       0x44 /home/aaa/.arduino15/packages/arduino/hardware/sam/1.6.12/variants/arduino_due_x/libsam_sam3x8e_gcc_rel.a(pmc.o)
                0x0000000000080df0                pmc_enable_periph_clk
 .text.pmc_disable_periph_clk
                0x0000000000080e34       0x40 /home/aaa/.arduino15/packages/arduino/hardware/sam/1.6.12/variants/arduino_due_x/libsam_sam3x8e_gcc_rel.a(pmc.o)
                0x0000000000080e34                pmc_disable_periph_clk
 .text.pmc_switch_udpck_to_upllck
                0x0000000000080e74       0x14 /home/aaa/.arduino15/packages/arduino/hardware/sam/1.6.12/variants/arduino_due_x/libsam_sam3x8e_gcc_rel.a(pmc.o)
                0x0000000000080e74                pmc_switch_udpck_to_upllck
 .text.pmc_enable_udpck
                0x0000000000080e88        0xc /home/aaa/.arduino15/packages/arduino/hardware/sam/1.6.12/variants/arduino_due_x/libsam_sam3x8e_gcc_rel.a(pmc.o)
                0x0000000000080e88                pmc_enable_udpck
 .text.SystemInit
                0x0000000000080e94       0x88 /home/aaa/.arduino15/packages/arduino/hardware/sam/1.6.12/variants/arduino_due_x/libsam_sam3x8e_gcc_rel.a(system_sam3xa.o)
                0x0000000000080e94                SystemInit
 .text.Reset_Handler
                0x0000000000080f1c       0x78 /home/aaa/.arduino15/packages/arduino/hardware/sam/1.6.12/variants/arduino_due_x/libsam_sam3x8e_gcc_rel.a(startup_sam3xa.o)
                0x0000000000080f1c                Reset_Handler
 .text.adc_init
                0x0000000000080f94       0x98 /home/aaa/.arduino15/packages/arduino/hardware/sam/1.6.12/variants/arduino_due_x/libsam_sam3x8e_gcc_rel.a(adc.o)
                0x0000000000080f94                adc_init
 .text.adc_configure_trigger
                0x000000000008102c        0xe /home/aaa/.arduino15/packages/arduino/hardware/sam/1.6.12/variants/arduino_due_x/libsam_sam3x8e_gcc_rel.a(adc.o)
                0x000000000008102c                adc_configure_trigger
 .text.adc_configure_timing
                0x000000000008103a       0x1a /home/aaa/.arduino15/packages/arduino/hardware/sam/1.6.12/variants/arduino_due_x/libsam_sam3x8e_gcc_rel.a(adc.o)
                0x000000000008103a                adc_configure_timing
 .text.adc_start
                0x0000000000081054        0x6 /home/aaa/.arduino15/packages/arduino/hardware/sam/1.6.12/variants/arduino_due_x/libsam_sam3x8e_gcc_rel.a(adc.o)
                0x0000000000081054                adc_start
 .text.adc_enable_channel
                0x000000000008105a        0xa /home/aaa/.arduino15/packages/arduino/hardware/sam/1.6.12/variants/arduino_due_x/libsam_sam3x8e_gcc_rel.a(adc.o)
                0x000000000008105a                adc_enable_channel
 .text.adc_disable_channel
                0x0000000000081064        0xa /home/aaa/.arduino15/packages/arduino/hardware/sam/1.6.12/variants/arduino_due_x/libsam_sam3x8e_gcc_rel.a(adc.o)
                0x0000000000081064                adc_disable_channel
 .text.adc_disable_all_channel
                0x000000000008106e        0x8 /home/aaa/.arduino15/packages/arduino/hardware/sam/1.6.12/variants/arduino_due_x/libsam_sam3x8e_gcc_rel.a(adc.o)
                0x000000000008106e                adc_disable_all_channel
 .text.adc_get_channel_status
                0x0000000000081076        0xa /home/aaa/.arduino15/packages/arduino/hardware/sam/1.6.12/variants/arduino_due_x/libsam_sam3x8e_gcc_rel.a(adc.o)
                0x0000000000081076                adc_get_channel_status
 .text.adc_get_latest_value
                0x0000000000081080        0x4 /home/aaa/.arduino15/packages/arduino/hardware/sam/1.6.12/variants/arduino_due_x/libsam_sam3x8e_gcc_rel.a(adc.o)
                0x0000000000081080                adc_get_latest_value
 .text.adc_disable_interrupt
                0x0000000000081084        0x4 /home/aaa/.arduino15/packages/arduino/hardware/sam/1.6.12/variants/arduino_due_x/libsam_sam3x8e_gcc_rel.a(adc.o)
                0x0000000000081084                adc_disable_interrupt
 .text.adc_get_status
                0x0000000000081088        0x4 /home/aaa/.arduino15/packages/arduino/hardware/sam/1.6.12/variants/arduino_due_x/libsam_sam3x8e_gcc_rel.a(adc.o)
                0x0000000000081088                adc_get_status
 .text.UOTGHS_Handler
                0x000000000008108c       0x10 /home/aaa/.arduino15/packages/arduino/hardware/sam/1.6.12/variants/arduino_due_x/libsam_sam3x8e_gcc_rel.a(uotghs.o)
                0x000000000008108c                UOTGHS_Handler
 .text          0x000000000008109c      0x844 /home/aaa/llvm-arduino-due/build/core.a(wiring_analog.c.o)
                0x000000000008109c                analogReadResolution
                0x00000000000810f0                analogWriteResolution
                0x0000000000081144                analogReference
                0x000000000008119c                analogRead
                0x0000000000081378                analogOutputInit
                0x00000000000813c0                analogWrite
 .text          0x00000000000818e0      0x108 /home/aaa/llvm-arduino-due/build/core.a(cortex_handlers.c.o)
                0x00000000000818e0                DACC_Handler
                0x00000000000818e0                DebugMon_Handler
                0x00000000000818e0                DMAC_Handler
                0x00000000000818e0                TRNG_Handler
                0x00000000000818e0                HardFault_Handler
                0x00000000000818e0                TC2_Handler
                0x00000000000818e0                TWI1_Handler
                0x00000000000818e0                NMI_Handler
                0x00000000000818e0                TC7_Handler
                0x00000000000818e0                ADC_Handler
                0x00000000000818e0                SMC_Handler
                0x00000000000818e0                RTT_Handler
                0x00000000000818e0                EFC1_Handler
                0x00000000000818e0                PIOB_Handler
                0x00000000000818e0                RTC_Handler
                0x00000000000818e0                UsageFault_Handler
                0x00000000000818e0                TC6_Handler
                0x00000000000818e0                WDT_Handler
                0x00000000000818e0                CAN0_Handler
                0x00000000000818e0                TC4_Handler
                0x00000000000818e0                TC1_Handler
                0x00000000000818e0                HSMCI_Handler
                0x00000000000818e0                TC3_Handler
                0x00000000000818e0                TWI0_Handler
                0x00000000000818e0                PIOA_Handler
                0x00000000000818e0                SSC_Handler
                0x00000000000818e0                EFC0_Handler
                0x00000000000818e0                PMC_Handler
                0x00000000000818e0                PWM_Handler
                0x00000000000818e0                CAN1_Handler
                0x00000000000818e0                MemManage_Handler
                0x00000000000818e0                SUPC_Handler
                0x00000000000818e0                TC8_Handler
                0x00000000000818e0                USART2_Handler
                0x00000000000818e0                PIOD_Handler
                0x00000000000818e0                EMAC_Handler
                0x00000000000818e0                PIOC_Handler
                0x00000000000818e0                BusFault_Handler
                0x00000000000818e0                RSTC_Handler
                0x00000000000818e0                TC0_Handler
                0x00000000000818e0                TC5_Handler
                0x00000000000818e0                SPI0_Handler
                0x00000000000818e8                SVC_Handler
                0x0000000000081938                PendSV_Handler
                0x0000000000081988                SysTick_Handler
 .text          0x00000000000819e8       0x96 /home/aaa/llvm-arduino-due/build/core.a(hooks.c.o)
                0x00000000000819e8                yield
                0x0000000000081a30                sysTickHook
                0x0000000000081a78                pendSVHook
                0x0000000000081a78                svcHook
 *fill*         0x0000000000081a7e        0x2 
 .text          0x0000000000081a80      0x1e8 /home/aaa/llvm-arduino-due/build/core.a(wiring.c.o)
                0x0000000000081a80                millis
                0x0000000000081ad0                micros
                0x0000000000081bf4                delay
 .text          0x0000000000081c68      0x390 /home/aaa/llvm-arduino-due/build/core.a(syscalls_sam3.c.o)
                0x0000000000081c68                _sbrk
                0x0000000000081ce8                link
                0x0000000000081d38                _close
                0x0000000000081d84                _fstat
                0x0000000000081dd8                _isatty
                0x0000000000081e24                _lseek
                0x0000000000081e74                _read
                0x0000000000081ec4                _write
                0x0000000000081f58                _exit
                0x0000000000081f60                _kill
                0x0000000000081fac                _getpid
 .text          0x0000000000081ff8      0x41c /home/aaa/llvm-arduino-due/build/core.a(wiring_digital.c.o)
                0x0000000000081ff8                pinMode
                0x0000000000082228                digitalWrite
                0x0000000000082330                digitalRead
 .text          0x0000000000082414      0xcec /home/aaa/llvm-arduino-due/build/core.a(Print.cpp.o)
                0x0000000000082414                Print::write(unsigned char const*, unsigned int)
                0x000000000008249c                Print::print(__FlashStringHelper const*)
                0x00000000000824f4                Print::print(char const*)
                0x000000000008254c                Print::print(String const&)
                0x00000000000825b4                Print::print(char)
                0x0000000000082610                Print::print(unsigned char, int)
                0x0000000000082670                Print::print(unsigned long, int)
                0x00000000000826e8                Print::print(int, int)
                0x0000000000082744                Print::print(long, int)
                0x0000000000082800                Print::print(unsigned int, int)
                0x000000000008285c                Print::printNumber(unsigned long, unsigned char)
                0x0000000000082924                Print::print(double, int)
                0x0000000000082984                Print::printFloat(double, unsigned char)
                0x0000000000082bac                Print::println(__FlashStringHelper const*)
                0x0000000000082c14                Print::println()
                0x0000000000082c70                Print::print(Printable const&)
                0x0000000000082cc8                Print::println(String const&)
                0x0000000000082d30                Print::println(char const*)
                0x0000000000082d98                Print::println(char)
                0x0000000000082e04                Print::println(unsigned char, int)
                0x0000000000082e74                Print::println(int, int)
                0x0000000000082ee0                Print::println(unsigned int, int)
                0x0000000000082f4c                Print::println(long, int)
                0x0000000000082fb8                Print::println(unsigned long, int)
                0x0000000000083024                Print::println(double, int)
                0x0000000000083098                Print::println(Printable const&)
 .text._ZN5Print5writeEPKcj
                0x0000000000083100       0x5c /home/aaa/llvm-arduino-due/build/core.a(Print.cpp.o)
                0x0000000000083100                Print::write(char const*, unsigned int)
 .text._ZNK6String5c_strEv
                0x000000000008315c       0x4c /home/aaa/llvm-arduino-due/build/core.a(Print.cpp.o)
                0x000000000008315c                String::c_str() const
 .text._ZNK6String6lengthEv
                0x00000000000831a8       0x4c /home/aaa/llvm-arduino-due/build/core.a(Print.cpp.o)
                0x00000000000831a8                String::length() const
 .text._ZN5Print5writeEPKc
                0x00000000000831f4       0x78 /home/aaa/llvm-arduino-due/build/core.a(Print.cpp.o)
                0x00000000000831f4                Print::write(char const*)
 .text          0x000000000008326c      0x1b0 /home/aaa/llvm-arduino-due/build/core.a(USARTClass.cpp.o)
                0x000000000008326c                USARTClass::USARTClass(Usart*, IRQn, unsigned int, RingBuffer*, RingBuffer*)
                0x000000000008326c                USARTClass::USARTClass(Usart*, IRQn, unsigned int, RingBuffer*, RingBuffer*)
                0x00000000000832f8                USARTClass::begin(unsigned int)
                0x0000000000083354                USARTClass::begin(unsigned int, UARTClass::UARTModes)
                0x00000000000833b8                USARTClass::begin(unsigned int, USARTClass::USARTModes)
 .text._ZN14HardwareSerial5beginEm
                0x000000000008341c       0x4c /home/aaa/llvm-arduino-due/build/core.a(USARTClass.cpp.o)
                0x000000000008341c                HardwareSerial::begin(unsigned long)
 .text._ZN9UARTClasscvbEv
                0x0000000000083468       0x4c /home/aaa/llvm-arduino-due/build/core.a(USARTClass.cpp.o)
                0x0000000000083468                UARTClass::operator bool()
 .text          0x00000000000834b4     0x1494 /home/aaa/llvm-arduino-due/build/core.a(USBCore.cpp.o)
                0x00000000000834b4                USBD_Available(unsigned int)
                0x0000000000083520                USBD_Recv(unsigned int, void*, unsigned int)
                0x0000000000083604                USBD_Recv(unsigned int)
                0x0000000000083678                USBD_Send(unsigned int, void const*, unsigned int)
                0x000000000008373c                USBD_InitControl(int)
                0x000000000008379c                USBD_SendControl(unsigned char, void const*, unsigned int)
                0x0000000000083854                USBD_RecvControl(void*, unsigned int)
                0x00000000000838b8                USBD_ClassInterfaceRequest(USBSetup&)
                0x0000000000083938                USBD_SendInterfaces()
                0x00000000000839a4                USBD_SendOtherInterfaces()
                0x0000000000083a10                USBD_Flush(unsigned int)
                0x0000000000083a70                USBD_Connected()
                0x0000000000083b14                USBDevice_::USBDevice_()
                0x0000000000083b14                USBDevice_::USBDevice_()
                0x0000000000083f90                USBDevice_::attach()
                0x0000000000084014                USBDevice_::detach()
                0x000000000008408c                USBDevice_::configured()
                0x00000000000840e8                USBDevice_::poll()
 .text._ZN6LockEPC2Ej
                0x0000000000084948       0x58 /home/aaa/llvm-arduino-due/build/core.a(USBCore.cpp.o)
                0x0000000000084948                LockEP::LockEP(unsigned int)
 .text._ZN6LockEPD2Ev
                0x00000000000849a0       0x58 /home/aaa/llvm-arduino-due/build/core.a(USBCore.cpp.o)
                0x00000000000849a0                LockEP::~LockEP()
 .text          0x00000000000849f8      0xac0 /home/aaa/llvm-arduino-due/build/core.a(CDC.cpp.o)
                0x00000000000849f8                CDC_GetInterface(unsigned char*)
                0x0000000000084a5c                CDC_GetOtherInterface(unsigned char*)
                0x0000000000084ac0                CDC_Setup(USBSetup&)
                0x0000000000084bf0                Serial_::begin(unsigned int)
                0x0000000000084c3c                Serial_::begin(unsigned int, unsigned char)
                0x0000000000084c8c                Serial_::end()
                0x0000000000084cd4                Serial_::accept()
                0x0000000000084ddc                Serial_::available()
                0x0000000000084e44                Serial_::availableForWrite()
                0x0000000000084e90                Serial_::peek()
                0x0000000000084f0c                Serial_::read()
                0x0000000000084fbc                Serial_::flush()
                0x0000000000085010                Serial_::write(unsigned char const*, unsigned int)
                0x00000000000850ac                Serial_::write(unsigned char)
                0x000000000008510c                Serial_::operator bool()
                0x00000000000851a8                Serial_::readBreak()
                0x0000000000085240                Serial_::baud()
                0x0000000000085294                Serial_::stopbits()
                0x00000000000852e8                Serial_::paritytype()
                0x000000000008533c                Serial_::numbits()
                0x0000000000085390                Serial_::dtr()
                0x00000000000853ec                Serial_::rts()
 .text._ZN5Print13setWriteErrorEi
                0x00000000000854b8       0x50 /home/aaa/llvm-arduino-due/build/core.a(CDC.cpp.o)
                0x00000000000854b8                Print::setWriteError(int)
 .text._ZN7Serial_C2Ev
                0x0000000000085508       0x60 /home/aaa/llvm-arduino-due/build/core.a(CDC.cpp.o)
                0x0000000000085508                Serial_::Serial_()
 .text._ZN6StreamC2Ev
                0x0000000000085568       0x64 /home/aaa/llvm-arduino-due/build/core.a(CDC.cpp.o)
                0x0000000000085568                Stream::Stream()
 .text._ZN5PrintC2Ev
                0x00000000000855cc       0x5c /home/aaa/llvm-arduino-due/build/core.a(CDC.cpp.o)
                0x00000000000855cc                Print::Print()
 .text          0x0000000000085628      0x8f4 /home/aaa/llvm-arduino-due/build/core.a(UARTClass.cpp.o)
                0x0000000000085628                UARTClass::UARTClass(Uart*, IRQn, unsigned int, RingBuffer*, RingBuffer*)
                0x0000000000085628                UARTClass::UARTClass(Uart*, IRQn, unsigned int, RingBuffer*, RingBuffer*)
                0x00000000000856ac                UARTClass::begin(unsigned int)
                0x0000000000085708                UARTClass::begin(unsigned int, UARTClass::UARTModes)
                0x0000000000085770                UARTClass::init(unsigned int, unsigned int)
                0x000000000008589c                UARTClass::end()
                0x0000000000085974                UARTClass::setInterruptPriority(unsigned int)
                0x0000000000085a58                UARTClass::getInterruptPriority()
                0x0000000000085b34                UARTClass::available()
                0x0000000000085b94                UARTClass::availableForWrite()
                0x0000000000085c14                UARTClass::peek()
                0x0000000000085c88                UARTClass::read()
                0x0000000000085d14                UARTClass::flush()
                0x0000000000085d88                UARTClass::write(unsigned char)
                0x0000000000085e44                UARTClass::IrqHandler()
 .text._ZN14HardwareSerialC2Ev
                0x0000000000085f1c       0x60 /home/aaa/llvm-arduino-due/build/core.a(UARTClass.cpp.o)
                0x0000000000085f1c                HardwareSerial::HardwareSerial()
 .text._ZN14HardwareSerial3endEv
                0x0000000000085f7c       0x48 /home/aaa/llvm-arduino-due/build/core.a(UARTClass.cpp.o)
                0x0000000000085f7c                HardwareSerial::end()
 .text          0x0000000000085fc4      0x1b0 /home/aaa/llvm-arduino-due/build/core.a(watchdog.cpp.o)
                0x0000000000085fc4                watchdogEnable(unsigned int)
                0x000000000008606c                watchdogDisable()
                0x00000000000860c4                watchdogReset()
                0x000000000008611c                watchdogSetup()
                0x000000000008611c                _watchdogDefaultSetup
 .text          0x0000000000086174       0xdc /home/aaa/llvm-arduino-due/build/core.a(RingBuffer.cpp.o)
                0x0000000000086174                RingBuffer::RingBuffer()
                0x0000000000086174                RingBuffer::RingBuffer()
                0x00000000000861d8                RingBuffer::store_char(unsigned char)
 .text          0x0000000000086250      0x120 /home/aaa/llvm-arduino-due/build/core.a(Reset.cpp.o)
                0x0000000000086250                initiateReset
                0x00000000000862a4                cancelReset
                0x00000000000862f8                tickReset
 .text          0x0000000000086370      0x3f4 /home/aaa/llvm-arduino-due/build/core.a(PluggableUSB.cpp.o)
                0x0000000000086370                PluggableUSB_::getInterface(unsigned char*)
                0x0000000000086408                PluggableUSB_::getDescriptor(USBSetup&)
                0x0000000000086490                PluggableUSB_::getShortName(char*)
                0x000000000008650c                PluggableUSB_::setup(USBSetup&)
                0x0000000000086598                PluggableUSB_::plug(PluggableUSBModule*)
                0x0000000000086690                PluggableUSB()
                0x000000000008670c                PluggableUSB_::PluggableUSB_()
                0x000000000008670c                PluggableUSB_::PluggableUSB_()
 .text.FindClockConfiguration
                0x0000000000086764       0x7c /home/aaa/.arduino15/packages/arduino/hardware/sam/1.6.12/variants/arduino_due_x/libsam_sam3x8e_gcc_rel.a(pwmc.o)
 .text.PWMC_ConfigureChannel
                0x00000000000867e0       0x60 /home/aaa/.arduino15/packages/arduino/hardware/sam/1.6.12/variants/arduino_due_x/libsam_sam3x8e_gcc_rel.a(pwmc.o)
                0x00000000000867e0                PWMC_ConfigureChannel
 .text.PWMC_ConfigureClocks
                0x0000000000086840       0x54 /home/aaa/.arduino15/packages/arduino/hardware/sam/1.6.12/variants/arduino_due_x/libsam_sam3x8e_gcc_rel.a(pwmc.o)
                0x0000000000086840                PWMC_ConfigureClocks
 .text.PWMC_SetPeriod
                0x0000000000086894       0x1a /home/aaa/.arduino15/packages/arduino/hardware/sam/1.6.12/variants/arduino_due_x/libsam_sam3x8e_gcc_rel.a(pwmc.o)
                0x0000000000086894                PWMC_SetPeriod
 *fill*         0x00000000000868ae        0x2 
 .text.PWMC_SetDutyCycle
                0x00000000000868b0       0x44 /home/aaa/.arduino15/packages/arduino/hardware/sam/1.6.12/variants/arduino_due_x/libsam_sam3x8e_gcc_rel.a(pwmc.o)
                0x00000000000868b0                PWMC_SetDutyCycle
 .text.PWMC_EnableChannel
                0x00000000000868f4        0xa /home/aaa/.arduino15/packages/arduino/hardware/sam/1.6.12/variants/arduino_due_x/libsam_sam3x8e_gcc_rel.a(pwmc.o)
                0x00000000000868f4                PWMC_EnableChannel
 *fill*         0x00000000000868fe        0x2 
 .text.TC_Configure
                0x0000000000086900       0x38 /home/aaa/.arduino15/packages/arduino/hardware/sam/1.6.12/variants/arduino_due_x/libsam_sam3x8e_gcc_rel.a(tc.o)
                0x0000000000086900                TC_Configure
 .text.TC_Start
                0x0000000000086938       0x2c /home/aaa/.arduino15/packages/arduino/hardware/sam/1.6.12/variants/arduino_due_x/libsam_sam3x8e_gcc_rel.a(tc.o)
                0x0000000000086938                TC_Start
 .text.TC_SetRA
                0x0000000000086964        0x8 /home/aaa/.arduino15/packages/arduino/hardware/sam/1.6.12/variants/arduino_due_x/libsam_sam3x8e_gcc_rel.a(tc.o)
                0x0000000000086964                TC_SetRA
 .text.TC_SetRB
                0x000000000008696c        0x8 /home/aaa/.arduino15/packages/arduino/hardware/sam/1.6.12/variants/arduino_due_x/libsam_sam3x8e_gcc_rel.a(tc.o)
                0x000000000008696c                TC_SetRB
 .text.TC_SetRC
                0x0000000000086974        0x8 /home/aaa/.arduino15/packages/arduino/hardware/sam/1.6.12/variants/arduino_due_x/libsam_sam3x8e_gcc_rel.a(tc.o)
                0x0000000000086974                TC_SetRC
 .text.TimeTick_Increment
                0x000000000008697c       0x10 /home/aaa/.arduino15/packages/arduino/hardware/sam/1.6.12/variants/arduino_due_x/libsam_sam3x8e_gcc_rel.a(timetick.o)
                0x000000000008697c                TimeTick_Increment
 .text.GetTickCount
                0x000000000008698c        0xc /home/aaa/.arduino15/packages/arduino/hardware/sam/1.6.12/variants/arduino_due_x/libsam_sam3x8e_gcc_rel.a(timetick.o)
                0x000000000008698c                GetTickCount
 .text.WDT_Enable
                0x0000000000086998        0x4 /home/aaa/.arduino15/packages/arduino/hardware/sam/1.6.12/variants/arduino_due_x/libsam_sam3x8e_gcc_rel.a(wdt.o)
                0x0000000000086998                WDT_Enable
 .text.WDT_Disable
                0x000000000008699c        0x8 /home/aaa/.arduino15/packages/arduino/hardware/sam/1.6.12/variants/arduino_due_x/libsam_sam3x8e_gcc_rel.a(wdt.o)
                0x000000000008699c                WDT_Disable
 .text.WDT_Restart
                0x00000000000869a4        0xc /home/aaa/.arduino15/packages/arduino/hardware/sam/1.6.12/variants/arduino_due_x/libsam_sam3x8e_gcc_rel.a(wdt.o)
                0x00000000000869a4                WDT_Restart
 .text.UDD_SetStack
                0x00000000000869b0        0xc /home/aaa/.arduino15/packages/arduino/hardware/sam/1.6.12/variants/arduino_due_x/libsam_sam3x8e_gcc_rel.a(uotghs_device.o)
                0x00000000000869b0                UDD_SetStack
 .text.UDD_Init
                0x00000000000869bc       0xd0 /home/aaa/.arduino15/packages/arduino/hardware/sam/1.6.12/variants/arduino_due_x/libsam_sam3x8e_gcc_rel.a(uotghs_device.o)
                0x00000000000869bc                UDD_Init
 .text.UDD_Attach
                0x0000000000086a8c       0x50 /home/aaa/.arduino15/packages/arduino/hardware/sam/1.6.12/variants/arduino_due_x/libsam_sam3x8e_gcc_rel.a(uotghs_device.o)
                0x0000000000086a8c                UDD_Attach
 .text.UDD_Detach
                0x0000000000086adc       0x10 /home/aaa/.arduino15/packages/arduino/hardware/sam/1.6.12/variants/arduino_due_x/libsam_sam3x8e_gcc_rel.a(uotghs_device.o)
                0x0000000000086adc                UDD_Detach
 .text.UDD_InitEP
                0x0000000000086aec       0x2c /home/aaa/.arduino15/packages/arduino/hardware/sam/1.6.12/variants/arduino_due_x/libsam_sam3x8e_gcc_rel.a(uotghs_device.o)
                0x0000000000086aec                UDD_InitEP
 .text.UDD_InitEndpoints
                0x0000000000086b18       0x3c /home/aaa/.arduino15/packages/arduino/hardware/sam/1.6.12/variants/arduino_due_x/libsam_sam3x8e_gcc_rel.a(uotghs_device.o)
                0x0000000000086b18                UDD_InitEndpoints
 .text.UDD_WaitIN
                0x0000000000086b54       0x10 /home/aaa/.arduino15/packages/arduino/hardware/sam/1.6.12/variants/arduino_due_x/libsam_sam3x8e_gcc_rel.a(uotghs_device.o)
                0x0000000000086b54                UDD_WaitIN
 .text.UDD_WaitOUT
                0x0000000000086b64       0x10 /home/aaa/.arduino15/packages/arduino/hardware/sam/1.6.12/variants/arduino_due_x/libsam_sam3x8e_gcc_rel.a(uotghs_device.o)
                0x0000000000086b64                UDD_WaitOUT
 .text.UDD_ClearIN
                0x0000000000086b74       0x18 /home/aaa/.arduino15/packages/arduino/hardware/sam/1.6.12/variants/arduino_due_x/libsam_sam3x8e_gcc_rel.a(uotghs_device.o)
                0x0000000000086b74                UDD_ClearIN
 .text.UDD_ClearOUT
                0x0000000000086b8c       0x18 /home/aaa/.arduino15/packages/arduino/hardware/sam/1.6.12/variants/arduino_due_x/libsam_sam3x8e_gcc_rel.a(uotghs_device.o)
                0x0000000000086b8c                UDD_ClearOUT
 .text.UDD_ReceivedSetupInt
                0x0000000000086ba4       0x10 /home/aaa/.arduino15/packages/arduino/hardware/sam/1.6.12/variants/arduino_due_x/libsam_sam3x8e_gcc_rel.a(uotghs_device.o)
                0x0000000000086ba4                UDD_ReceivedSetupInt
 .text.UDD_ClearSetupInt
                0x0000000000086bb4       0x10 /home/aaa/.arduino15/packages/arduino/hardware/sam/1.6.12/variants/arduino_due_x/libsam_sam3x8e_gcc_rel.a(uotghs_device.o)
                0x0000000000086bb4                UDD_ClearSetupInt
 .text.UDD_Send
                0x0000000000086bc4       0x88 /home/aaa/.arduino15/packages/arduino/hardware/sam/1.6.12/variants/arduino_due_x/libsam_sam3x8e_gcc_rel.a(uotghs_device.o)
                0x0000000000086bc4                UDD_Send
 .text.UDD_Send8
                0x0000000000086c4c       0x24 /home/aaa/.arduino15/packages/arduino/hardware/sam/1.6.12/variants/arduino_due_x/libsam_sam3x8e_gcc_rel.a(uotghs_device.o)
                0x0000000000086c4c                UDD_Send8
 .text.UDD_Recv8
                0x0000000000086c70       0x28 /home/aaa/.arduino15/packages/arduino/hardware/sam/1.6.12/variants/arduino_due_x/libsam_sam3x8e_gcc_rel.a(uotghs_device.o)
                0x0000000000086c70                UDD_Recv8
 .text.UDD_Recv
                0x0000000000086c98       0x34 /home/aaa/.arduino15/packages/arduino/hardware/sam/1.6.12/variants/arduino_due_x/libsam_sam3x8e_gcc_rel.a(uotghs_device.o)
                0x0000000000086c98                UDD_Recv
 .text.UDD_Stall
                0x0000000000086ccc       0x14 /home/aaa/.arduino15/packages/arduino/hardware/sam/1.6.12/variants/arduino_due_x/libsam_sam3x8e_gcc_rel.a(uotghs_device.o)
                0x0000000000086ccc                UDD_Stall
 .text.UDD_FifoByteCount
                0x0000000000086ce0       0x14 /home/aaa/.arduino15/packages/arduino/hardware/sam/1.6.12/variants/arduino_due_x/libsam_sam3x8e_gcc_rel.a(uotghs_device.o)
                0x0000000000086ce0                UDD_FifoByteCount
 .text.UDD_ReleaseRX
                0x0000000000086cf4       0x28 /home/aaa/.arduino15/packages/arduino/hardware/sam/1.6.12/variants/arduino_due_x/libsam_sam3x8e_gcc_rel.a(uotghs_device.o)
                0x0000000000086cf4                UDD_ReleaseRX
 .text.UDD_ReleaseTX
                0x0000000000086d1c       0x28 /home/aaa/.arduino15/packages/arduino/hardware/sam/1.6.12/variants/arduino_due_x/libsam_sam3x8e_gcc_rel.a(uotghs_device.o)
                0x0000000000086d1c                UDD_ReleaseTX
 .text.UDD_SetAddress
                0x0000000000086d44       0x20 /home/aaa/.arduino15/packages/arduino/hardware/sam/1.6.12/variants/arduino_due_x/libsam_sam3x8e_gcc_rel.a(uotghs_device.o)
                0x0000000000086d44                UDD_SetAddress
 .text.UDD_GetFrameNumber
                0x0000000000086d64       0x10 /home/aaa/.arduino15/packages/arduino/hardware/sam/1.6.12/variants/arduino_due_x/libsam_sam3x8e_gcc_rel.a(uotghs_device.o)
                0x0000000000086d64                UDD_GetFrameNumber
 .text.dacc_reset
                0x0000000000086d74        0x6 /home/aaa/.arduino15/packages/arduino/hardware/sam/1.6.12/variants/arduino_due_x/libsam_sam3x8e_gcc_rel.a(dacc.o)
                0x0000000000086d74                dacc_reset
 .text.dacc_set_transfer_mode
                0x0000000000086d7a       0x14 /home/aaa/.arduino15/packages/arduino/hardware/sam/1.6.12/variants/arduino_due_x/libsam_sam3x8e_gcc_rel.a(dacc.o)
                0x0000000000086d7a                dacc_set_transfer_mode
 .text.dacc_get_interrupt_status
                0x0000000000086d8e        0x4 /home/aaa/.arduino15/packages/arduino/hardware/sam/1.6.12/variants/arduino_due_x/libsam_sam3x8e_gcc_rel.a(dacc.o)
                0x0000000000086d8e                dacc_get_interrupt_status
 .text.dacc_write_conversion_data
                0x0000000000086d92        0x4 /home/aaa/.arduino15/packages/arduino/hardware/sam/1.6.12/variants/arduino_due_x/libsam_sam3x8e_gcc_rel.a(dacc.o)
                0x0000000000086d92                dacc_write_conversion_data
 .text.dacc_set_channel_selection
                0x0000000000086d96       0x18 /home/aaa/.arduino15/packages/arduino/hardware/sam/1.6.12/variants/arduino_due_x/libsam_sam3x8e_gcc_rel.a(dacc.o)
                0x0000000000086d96                dacc_set_channel_selection
 .text.dacc_set_power_save
                0x0000000000086dae       0x24 /home/aaa/.arduino15/packages/arduino/hardware/sam/1.6.12/variants/arduino_due_x/libsam_sam3x8e_gcc_rel.a(dacc.o)
                0x0000000000086dae                dacc_set_power_save
 .text.dacc_set_timing
                0x0000000000086dd2       0x2c /home/aaa/.arduino15/packages/arduino/hardware/sam/1.6.12/variants/arduino_due_x/libsam_sam3x8e_gcc_rel.a(dacc.o)
                0x0000000000086dd2                dacc_set_timing
 .text.dacc_enable_channel
                0x0000000000086dfe       0x12 /home/aaa/.arduino15/packages/arduino/hardware/sam/1.6.12/variants/arduino_due_x/libsam_sam3x8e_gcc_rel.a(dacc.o)
                0x0000000000086dfe                dacc_enable_channel
 .text.dacc_get_channel_status
                0x0000000000086e10        0x4 /home/aaa/.arduino15/packages/arduino/hardware/sam/1.6.12/variants/arduino_due_x/libsam_sam3x8e_gcc_rel.a(dacc.o)
                0x0000000000086e10                dacc_get_channel_status
 .text.dacc_set_analog_control
                0x0000000000086e14        0x8 /home/aaa/.arduino15/packages/arduino/hardware/sam/1.6.12/variants/arduino_due_x/libsam_sam3x8e_gcc_rel.a(dacc.o)
                0x0000000000086e14                dacc_set_analog_control
 .text.__fpclassifyd
                0x0000000000086e1c       0x50 /home/aaa/.arduino15/packages/arduino/tools/arm-none-eabi-gcc/4.8.3-2014q1/bin/../lib/gcc/arm-none-eabi/4.8.3/../../../../arm-none-eabi/lib/armv7-m/libm.a(lib_a-s_fpclassify.o)
                0x0000000000086e1c                __fpclassifyd
 .text          0x0000000000086e6c      0x370 /home/aaa/.arduino15/packages/arduino/tools/arm-none-eabi-gcc/4.8.3-2014q1/bin/../lib/gcc/arm-none-eabi/4.8.3/armv7-m/libgcc.a(_arm_addsubdf3.o)
                0x0000000000086e6c                __aeabi_drsub
                0x0000000000086e74                __aeabi_dsub
                0x0000000000086e74                __subdf3
                0x0000000000086e78                __adddf3
                0x0000000000086e78                __aeabi_dadd
                0x00000000000870f0                __aeabi_ui2d
                0x00000000000870f0                __floatunsidf
                0x0000000000087110                __floatsidf
                0x0000000000087110                __aeabi_i2d
                0x0000000000087134                __extendsfdf2
                0x0000000000087134                __aeabi_f2d
                0x0000000000087170                __aeabi_ul2d
                0x0000000000087170                __floatundidf
                0x0000000000087180                __floatdidf
                0x0000000000087180                __aeabi_l2d
 .text          0x00000000000871dc      0x424 /home/aaa/.arduino15/packages/arduino/tools/arm-none-eabi-gcc/4.8.3-2014q1/bin/../lib/gcc/arm-none-eabi/4.8.3/armv7-m/libgcc.a(_arm_muldivdf3.o)
                0x00000000000871dc                __aeabi_dmul
                0x00000000000871dc                __muldf3
                0x0000000000087430                __aeabi_ddiv
                0x0000000000087430                __divdf3
 .text          0x0000000000087600      0x110 /home/aaa/.arduino15/packages/arduino/tools/arm-none-eabi-gcc/4.8.3-2014q1/bin/../lib/gcc/arm-none-eabi/4.8.3/armv7-m/libgcc.a(_arm_cmpdf2.o)
                0x0000000000087600                __gtdf2
                0x0000000000087600                __gedf2
                0x0000000000087608                __ltdf2
                0x0000000000087608                __ledf2
                0x0000000000087610                __cmpdf2
                0x0000000000087610                __eqdf2
                0x0000000000087610                __nedf2
                0x000000000008768c                __aeabi_cdrcmple
                0x000000000008769c                __aeabi_cdcmple
                0x000000000008769c                __aeabi_cdcmpeq
                0x00000000000876ac                __aeabi_dcmpeq
                0x00000000000876c0                __aeabi_dcmplt
                0x00000000000876d4                __aeabi_dcmple
                0x00000000000876e8                __aeabi_dcmpge
                0x00000000000876fc                __aeabi_dcmpgt
 .text          0x0000000000087710       0x40 /home/aaa/.arduino15/packages/arduino/tools/arm-none-eabi-gcc/4.8.3-2014q1/bin/../lib/gcc/arm-none-eabi/4.8.3/armv7-m/libgcc.a(_arm_fixunsdfsi.o)
                0x0000000000087710                __fixunsdfsi
                0x0000000000087710                __aeabi_d2uiz
 .text.__assert_func
                0x0000000000087750       0x3c /home/aaa/.arduino15/packages/arduino/tools/arm-none-eabi-gcc/4.8.3-2014q1/bin/../lib/gcc/arm-none-eabi/4.8.3/../../../../arm-none-eabi/lib/armv7-m/libg.a(lib_a-assert.o)
                0x0000000000087750                __assert_func
 .text.fiprintf
                0x000000000008778c       0x28 /home/aaa/.arduino15/packages/arduino/tools/arm-none-eabi-gcc/4.8.3-2014q1/bin/../lib/gcc/arm-none-eabi/4.8.3/../../../../arm-none-eabi/lib/armv7-m/libg.a(lib_a-fiprintf.o)
                0x000000000008778c                fiprintf
 .text.__libc_init_array
                0x00000000000877b4       0x50 /home/aaa/.arduino15/packages/arduino/tools/arm-none-eabi-gcc/4.8.3-2014q1/bin/../lib/gcc/arm-none-eabi/4.8.3/../../../../arm-none-eabi/lib/armv7-m/libg.a(lib_a-init.o)
                0x00000000000877b4                __libc_init_array
 .text.memset   0x0000000000087804       0x94 /home/aaa/.arduino15/packages/arduino/tools/arm-none-eabi-gcc/4.8.3-2014q1/bin/../lib/gcc/arm-none-eabi/4.8.3/../../../../arm-none-eabi/lib/armv7-m/libg.a(lib_a-memset.o)
                0x0000000000087804                memset
 .text.strlen   0x0000000000087898       0x60 /home/aaa/.arduino15/packages/arduino/tools/arm-none-eabi-gcc/4.8.3-2014q1/bin/../lib/gcc/arm-none-eabi/4.8.3/../../../../arm-none-eabi/lib/armv7-m/libg.a(lib_a-strlen.o)
                0x0000000000087898                strlen
 .text.kill     0x00000000000878f8       0x10 /home/aaa/.arduino15/packages/arduino/tools/arm-none-eabi-gcc/4.8.3-2014q1/bin/../lib/gcc/arm-none-eabi/4.8.3/../../../../arm-none-eabi/lib/armv7-m/libg.a(lib_a-syskill.o)
                0x00000000000878f8                kill
 .text.__sprint_r.part.0
                0x0000000000087908       0x78 /home/aaa/.arduino15/packages/arduino/tools/arm-none-eabi-gcc/4.8.3-2014q1/bin/../lib/gcc/arm-none-eabi/4.8.3/../../../../arm-none-eabi/lib/armv7-m/libg.a(lib_a-vfiprintf.o)
 .text._vfiprintf_r
                0x0000000000087980      0xc54 /home/aaa/.arduino15/packages/arduino/tools/arm-none-eabi-gcc/4.8.3-2014q1/bin/../lib/gcc/arm-none-eabi/4.8.3/../../../../arm-none-eabi/lib/armv7-m/libg.a(lib_a-vfiprintf.o)
                0x0000000000087980                _vfiprintf_r
 .text.__sbprintf
                0x00000000000885d4       0x7c /home/aaa/.arduino15/packages/arduino/tools/arm-none-eabi-gcc/4.8.3-2014q1/bin/../lib/gcc/arm-none-eabi/4.8.3/../../../../arm-none-eabi/lib/armv7-m/libg.a(lib_a-vfiprintf.o)
 .text.__swsetup_r
                0x0000000000088650       0xc4 /home/aaa/.arduino15/packages/arduino/tools/arm-none-eabi-gcc/4.8.3-2014q1/bin/../lib/gcc/arm-none-eabi/4.8.3/../../../../arm-none-eabi/lib/armv7-m/libg.a(lib_a-wsetup.o)
                0x0000000000088650                __swsetup_r
 .text.startup.register_fini
                0x0000000000088714       0x14 /home/aaa/.arduino15/packages/arduino/tools/arm-none-eabi-gcc/4.8.3-2014q1/bin/../lib/gcc/arm-none-eabi/4.8.3/../../../../arm-none-eabi/lib/armv7-m/libg.a(lib_a-__call_atexit.o)
 .text.abort    0x0000000000088728       0x10 /home/aaa/.arduino15/packages/arduino/tools/arm-none-eabi-gcc/4.8.3-2014q1/bin/../lib/gcc/arm-none-eabi/4.8.3/../../../../arm-none-eabi/lib/armv7-m/libg.a(lib_a-abort.o)
                0x0000000000088728                abort
 .text.atexit   0x0000000000088738        0xc /home/aaa/.arduino15/packages/arduino/tools/arm-none-eabi-gcc/4.8.3-2014q1/bin/../lib/gcc/arm-none-eabi/4.8.3/../../../../arm-none-eabi/lib/armv7-m/libg.a(lib_a-atexit.o)
                0x0000000000088738                atexit
 .text.__sflush_r
                0x0000000000088744      0x148 /home/aaa/.arduino15/packages/arduino/tools/arm-none-eabi-gcc/4.8.3-2014q1/bin/../lib/gcc/arm-none-eabi/4.8.3/../../../../arm-none-eabi/lib/armv7-m/libg.a(lib_a-fflush.o)
                0x0000000000088744                __sflush_r
 .text._fflush_r
                0x000000000008888c       0x2c /home/aaa/.arduino15/packages/arduino/tools/arm-none-eabi-gcc/4.8.3-2014q1/bin/../lib/gcc/arm-none-eabi/4.8.3/../../../../arm-none-eabi/lib/armv7-m/libg.a(lib_a-fflush.o)
                0x000000000008888c                _fflush_r
 .text._cleanup_r
                0x00000000000888b8        0xc /home/aaa/.arduino15/packages/arduino/tools/arm-none-eabi-gcc/4.8.3-2014q1/bin/../lib/gcc/arm-none-eabi/4.8.3/../../../../arm-none-eabi/lib/armv7-m/libg.a(lib_a-findfp.o)
                0x00000000000888b8                _cleanup_r
 .text.__sinit  0x00000000000888c4       0xf4 /home/aaa/.arduino15/packages/arduino/tools/arm-none-eabi-gcc/4.8.3-2014q1/bin/../lib/gcc/arm-none-eabi/4.8.3/../../../../arm-none-eabi/lib/armv7-m/libg.a(lib_a-findfp.o)
                0x00000000000888c4                __sinit
 .text.__sfp_lock_acquire
                0x00000000000889b8        0x4 /home/aaa/.arduino15/packages/arduino/tools/arm-none-eabi-gcc/4.8.3-2014q1/bin/../lib/gcc/arm-none-eabi/4.8.3/../../../../arm-none-eabi/lib/armv7-m/libg.a(lib_a-findfp.o)
                0x00000000000889b8                __sfp_lock_acquire
 .text.__sfp_lock_release
                0x00000000000889bc        0x4 /home/aaa/.arduino15/packages/arduino/tools/arm-none-eabi-gcc/4.8.3-2014q1/bin/../lib/gcc/arm-none-eabi/4.8.3/../../../../arm-none-eabi/lib/armv7-m/libg.a(lib_a-findfp.o)
                0x00000000000889bc                __sfp_lock_release
 .text.__libc_fini_array
                0x00000000000889c0       0x30 /home/aaa/.arduino15/packages/arduino/tools/arm-none-eabi-gcc/4.8.3-2014q1/bin/../lib/gcc/arm-none-eabi/4.8.3/../../../../arm-none-eabi/lib/armv7-m/libg.a(lib_a-fini.o)
                0x00000000000889c0                __libc_fini_array
 .text._fputwc_r
                0x00000000000889f0       0xc0 /home/aaa/.arduino15/packages/arduino/tools/arm-none-eabi-gcc/4.8.3-2014q1/bin/../lib/gcc/arm-none-eabi/4.8.3/../../../../arm-none-eabi/lib/armv7-m/libg.a(lib_a-fputwc.o)
                0x00000000000889f0                _fputwc_r
 .text._malloc_trim_r
                0x0000000000088ab0       0x9c /home/aaa/.arduino15/packages/arduino/tools/arm-none-eabi-gcc/4.8.3-2014q1/bin/../lib/gcc/arm-none-eabi/4.8.3/../../../../arm-none-eabi/lib/armv7-m/libg.a(lib_a-freer.o)
                0x0000000000088ab0                _malloc_trim_r
 .text._free_r  0x0000000000088b4c      0x198 /home/aaa/.arduino15/packages/arduino/tools/arm-none-eabi-gcc/4.8.3-2014q1/bin/../lib/gcc/arm-none-eabi/4.8.3/../../../../arm-none-eabi/lib/armv7-m/libg.a(lib_a-freer.o)
                0x0000000000088b4c                _free_r
 .text.__sfvwrite_r
                0x0000000000088ce4      0x314 /home/aaa/.arduino15/packages/arduino/tools/arm-none-eabi-gcc/4.8.3-2014q1/bin/../lib/gcc/arm-none-eabi/4.8.3/../../../../arm-none-eabi/lib/armv7-m/libg.a(lib_a-fvwrite.o)
                0x0000000000088ce4                __sfvwrite_r
 .text._fwalk   0x0000000000088ff8       0x48 /home/aaa/.arduino15/packages/arduino/tools/arm-none-eabi-gcc/4.8.3-2014q1/bin/../lib/gcc/arm-none-eabi/4.8.3/../../../../arm-none-eabi/lib/armv7-m/libg.a(lib_a-fwalk.o)
                0x0000000000088ff8                _fwalk
 .text.__locale_charset
                0x0000000000089040        0x8 /home/aaa/.arduino15/packages/arduino/tools/arm-none-eabi-gcc/4.8.3-2014q1/bin/../lib/gcc/arm-none-eabi/4.8.3/../../../../arm-none-eabi/lib/armv7-m/libg.a(lib_a-locale.o)
                0x0000000000089040                __locale_charset
 .text.__locale_mb_cur_max
                0x0000000000089048        0xc /home/aaa/.arduino15/packages/arduino/tools/arm-none-eabi-gcc/4.8.3-2014q1/bin/../lib/gcc/arm-none-eabi/4.8.3/../../../../arm-none-eabi/lib/armv7-m/libg.a(lib_a-locale.o)
                0x0000000000089048                __locale_mb_cur_max
 .text.__smakebuf_r
                0x0000000000089054       0xe0 /home/aaa/.arduino15/packages/arduino/tools/arm-none-eabi-gcc/4.8.3-2014q1/bin/../lib/gcc/arm-none-eabi/4.8.3/../../../../arm-none-eabi/lib/armv7-m/libg.a(lib_a-makebuf.o)
                0x0000000000089054                __smakebuf_r
 .text._malloc_r
                0x0000000000089134      0x538 /home/aaa/.arduino15/packages/arduino/tools/arm-none-eabi-gcc/4.8.3-2014q1/bin/../lib/gcc/arm-none-eabi/4.8.3/../../../../arm-none-eabi/lib/armv7-m/libg.a(lib_a-mallocr.o)
                0x0000000000089134                _malloc_r
 .text.memchr   0x000000000008966c       0x94 /home/aaa/.arduino15/packages/arduino/tools/arm-none-eabi-gcc/4.8.3-2014q1/bin/../lib/gcc/arm-none-eabi/4.8.3/../../../../arm-none-eabi/lib/armv7-m/libg.a(lib_a-memchr-stub.o)
                0x000000000008966c                memchr
 .text          0x0000000000089700       0xec /home/aaa/.arduino15/packages/arduino/tools/arm-none-eabi-gcc/4.8.3-2014q1/bin/../lib/gcc/arm-none-eabi/4.8.3/../../../../arm-none-eabi/lib/armv7-m/libg.a(lib_a-memcpy.o)
                0x0000000000089700                memcpy
 .text.memmove  0x00000000000897ec       0xcc /home/aaa/.arduino15/packages/arduino/tools/arm-none-eabi-gcc/4.8.3-2014q1/bin/../lib/gcc/arm-none-eabi/4.8.3/../../../../arm-none-eabi/lib/armv7-m/libg.a(lib_a-memmove.o)
                0x00000000000897ec                memmove
 .text.__malloc_lock
                0x00000000000898b8        0x4 /home/aaa/.arduino15/packages/arduino/tools/arm-none-eabi-gcc/4.8.3-2014q1/bin/../lib/gcc/arm-none-eabi/4.8.3/../../../../arm-none-eabi/lib/armv7-m/libg.a(lib_a-mlock.o)
                0x00000000000898b8                __malloc_lock
 .text.__malloc_unlock
                0x00000000000898bc        0x4 /home/aaa/.arduino15/packages/arduino/tools/arm-none-eabi-gcc/4.8.3-2014q1/bin/../lib/gcc/arm-none-eabi/4.8.3/../../../../arm-none-eabi/lib/armv7-m/libg.a(lib_a-mlock.o)
                0x00000000000898bc                __malloc_unlock
 .text._realloc_r
                0x00000000000898c0      0x3c0 /home/aaa/.arduino15/packages/arduino/tools/arm-none-eabi-gcc/4.8.3-2014q1/bin/../lib/gcc/arm-none-eabi/4.8.3/../../../../arm-none-eabi/lib/armv7-m/libg.a(lib_a-reallocr.o)
                0x00000000000898c0                _realloc_r
 .text._sbrk_r  0x0000000000089c80       0x24 /home/aaa/.arduino15/packages/arduino/tools/arm-none-eabi-gcc/4.8.3-2014q1/bin/../lib/gcc/arm-none-eabi/4.8.3/../../../../arm-none-eabi/lib/armv7-m/libg.a(lib_a-sbrkr.o)
                0x0000000000089c80                _sbrk_r
 .text._raise_r
                0x0000000000089ca4       0x58 /home/aaa/.arduino15/packages/arduino/tools/arm-none-eabi-gcc/4.8.3-2014q1/bin/../lib/gcc/arm-none-eabi/4.8.3/../../../../arm-none-eabi/lib/armv7-m/libg.a(lib_a-signal.o)
                0x0000000000089ca4                _raise_r
 .text.raise    0x0000000000089cfc       0x10 /home/aaa/.arduino15/packages/arduino/tools/arm-none-eabi-gcc/4.8.3-2014q1/bin/../lib/gcc/arm-none-eabi/4.8.3/../../../../arm-none-eabi/lib/armv7-m/libg.a(lib_a-signal.o)
                0x0000000000089cfc                raise
 .text._kill_r  0x0000000000089d0c       0x28 /home/aaa/.arduino15/packages/arduino/tools/arm-none-eabi-gcc/4.8.3-2014q1/bin/../lib/gcc/arm-none-eabi/4.8.3/../../../../arm-none-eabi/lib/armv7-m/libg.a(lib_a-signalr.o)
                0x0000000000089d0c                _kill_r
 .text._getpid_r
                0x0000000000089d34        0x4 /home/aaa/.arduino15/packages/arduino/tools/arm-none-eabi-gcc/4.8.3-2014q1/bin/../lib/gcc/arm-none-eabi/4.8.3/../../../../arm-none-eabi/lib/armv7-m/libg.a(lib_a-signalr.o)
                0x0000000000089d34                _getpid_r
 .text.__sread  0x0000000000089d38       0x24 /home/aaa/.arduino15/packages/arduino/tools/arm-none-eabi-gcc/4.8.3-2014q1/bin/../lib/gcc/arm-none-eabi/4.8.3/../../../../arm-none-eabi/lib/armv7-m/libg.a(lib_a-stdio.o)
                0x0000000000089d38                __sread
 .text.__swrite
                0x0000000000089d5c       0x38 /home/aaa/.arduino15/packages/arduino/tools/arm-none-eabi-gcc/4.8.3-2014q1/bin/../lib/gcc/arm-none-eabi/4.8.3/../../../../arm-none-eabi/lib/armv7-m/libg.a(lib_a-stdio.o)
                0x0000000000089d5c                __swrite
 .text.__sseek  0x0000000000089d94       0x20 /home/aaa/.arduino15/packages/arduino/tools/arm-none-eabi-gcc/4.8.3-2014q1/bin/../lib/gcc/arm-none-eabi/4.8.3/../../../../arm-none-eabi/lib/armv7-m/libg.a(lib_a-stdio.o)
                0x0000000000089d94                __sseek
 .text.__sclose
                0x0000000000089db4        0x8 /home/aaa/.arduino15/packages/arduino/tools/arm-none-eabi-gcc/4.8.3-2014q1/bin/../lib/gcc/arm-none-eabi/4.8.3/../../../../arm-none-eabi/lib/armv7-m/libg.a(lib_a-stdio.o)
                0x0000000000089db4                __sclose
 .text.__swbuf_r
                0x0000000000089dbc       0xa8 /home/aaa/.arduino15/packages/arduino/tools/arm-none-eabi-gcc/4.8.3-2014q1/bin/../lib/gcc/arm-none-eabi/4.8.3/../../../../arm-none-eabi/lib/armv7-m/libg.a(lib_a-wbuf.o)
                0x0000000000089dbc                __swbuf_r
 .text._wcrtomb_r
                0x0000000000089e64       0x50 /home/aaa/.arduino15/packages/arduino/tools/arm-none-eabi-gcc/4.8.3-2014q1/bin/../lib/gcc/arm-none-eabi/4.8.3/../../../../arm-none-eabi/lib/armv7-m/libg.a(lib_a-wcrtomb.o)
                0x0000000000089e64                _wcrtomb_r
 .text.__ascii_wctomb
                0x0000000000089eb4       0x1c /home/aaa/.arduino15/packages/arduino/tools/arm-none-eabi-gcc/4.8.3-2014q1/bin/../lib/gcc/arm-none-eabi/4.8.3/../../../../arm-none-eabi/lib/armv7-m/libg.a(lib_a-wctomb_r.o)
                0x0000000000089eb4                __ascii_wctomb
 .text._write_r
                0x0000000000089ed0       0x28 /home/aaa/.arduino15/packages/arduino/tools/arm-none-eabi-gcc/4.8.3-2014q1/bin/../lib/gcc/arm-none-eabi/4.8.3/../../../../arm-none-eabi/lib/armv7-m/libg.a(lib_a-writer.o)
                0x0000000000089ed0                _write_r
 .text.__register_exitproc
                0x0000000000089ef8       0xa8 /home/aaa/.arduino15/packages/arduino/tools/arm-none-eabi-gcc/4.8.3-2014q1/bin/../lib/gcc/arm-none-eabi/4.8.3/../../../../arm-none-eabi/lib/armv7-m/libg.a(lib_a-__atexit.o)
                0x0000000000089ef8                __register_exitproc
 .text._close_r
                0x0000000000089fa0       0x24 /home/aaa/.arduino15/packages/arduino/tools/arm-none-eabi-gcc/4.8.3-2014q1/bin/../lib/gcc/arm-none-eabi/4.8.3/../../../../arm-none-eabi/lib/armv7-m/libg.a(lib_a-closer.o)
                0x0000000000089fa0                _close_r
 .text._fclose_r
                0x0000000000089fc4       0x80 /home/aaa/.arduino15/packages/arduino/tools/arm-none-eabi-gcc/4.8.3-2014q1/bin/../lib/gcc/arm-none-eabi/4.8.3/../../../../arm-none-eabi/lib/armv7-m/libg.a(lib_a-fclose.o)
                0x0000000000089fc4                _fclose_r
 .text.fclose   0x000000000008a044       0x10 /home/aaa/.arduino15/packages/arduino/tools/arm-none-eabi-gcc/4.8.3-2014q1/bin/../lib/gcc/arm-none-eabi/4.8.3/../../../../arm-none-eabi/lib/armv7-m/libg.a(lib_a-fclose.o)
                0x000000000008a044                fclose
 .text._fstat_r
                0x000000000008a054       0x28 /home/aaa/.arduino15/packages/arduino/tools/arm-none-eabi-gcc/4.8.3-2014q1/bin/../lib/gcc/arm-none-eabi/4.8.3/../../../../arm-none-eabi/lib/armv7-m/libg.a(lib_a-fstatr.o)
                0x000000000008a054                _fstat_r
 .text._isatty_r
                0x000000000008a07c       0x24 /home/aaa/.arduino15/packages/arduino/tools/arm-none-eabi-gcc/4.8.3-2014q1/bin/../lib/gcc/arm-none-eabi/4.8.3/../../../../arm-none-eabi/lib/armv7-m/libg.a(lib_a-isattyr.o)
                0x000000000008a07c                _isatty_r
 .text._lseek_r
                0x000000000008a0a0       0x28 /home/aaa/.arduino15/packages/arduino/tools/arm-none-eabi-gcc/4.8.3-2014q1/bin/../lib/gcc/arm-none-eabi/4.8.3/../../../../arm-none-eabi/lib/armv7-m/libg.a(lib_a-lseekr.o)
                0x000000000008a0a0                _lseek_r
 .text._read_r  0x000000000008a0c8       0x28 /home/aaa/.arduino15/packages/arduino/tools/arm-none-eabi-gcc/4.8.3-2014q1/bin/../lib/gcc/arm-none-eabi/4.8.3/../../../../arm-none-eabi/lib/armv7-m/libg.a(lib_a-readr.o)
                0x000000000008a0c8                _read_r
 .text          0x000000000008a0f0       0x2c /home/aaa/.arduino15/packages/arduino/tools/arm-none-eabi-gcc/4.8.3-2014q1/bin/../lib/gcc/arm-none-eabi/4.8.3/armv7-m/libgcc.a(_aeabi_uldivmod.o)
                0x000000000008a0f0                __aeabi_uldivmod
 .text          0x000000000008a11c       0x60 /home/aaa/.arduino15/packages/arduino/tools/arm-none-eabi-gcc/4.8.3-2014q1/bin/../lib/gcc/arm-none-eabi/4.8.3/armv7-m/libgcc.a(bpabi.o)
                0x000000000008a11c                __gnu_ldivmod_helper
                0x000000000008a14c                __gnu_uldivmod_helper
 .text          0x000000000008a17c        0x4 /home/aaa/.arduino15/packages/arduino/tools/arm-none-eabi-gcc/4.8.3-2014q1/bin/../lib/gcc/arm-none-eabi/4.8.3/armv7-m/libgcc.a(_dvmd_tls.o)
                0x000000000008a17c                __aeabi_ldiv0
                0x000000000008a17c                __aeabi_idiv0
 .text          0x000000000008a180      0x2a0 /home/aaa/.arduino15/packages/arduino/tools/arm-none-eabi-gcc/4.8.3-2014q1/bin/../lib/gcc/arm-none-eabi/4.8.3/armv7-m/libgcc.a(_divdi3.o)
                0x000000000008a180                __divdi3
 .text          0x000000000008a420      0x290 /home/aaa/.arduino15/packages/arduino/tools/arm-none-eabi-gcc/4.8.3-2014q1/bin/../lib/gcc/arm-none-eabi/4.8.3/armv7-m/libgcc.a(_udivdi3.o)
                0x000000000008a420                __udivdi3
 *(.glue_7t)
 .glue_7t       0x0000000000000000        0x0 linker stubs
 *(.glue_7)
 .glue_7        0x0000000000000000        0x0 linker stubs
 *(.rodata .rodata* .gnu.linkonce.r.*)
 .rodata.str1.1
                0x000000000008a6b0       0x3b /home/aaa/llvm-arduino-due/build/Blink.ino.cpp.o
 *fill*         0x000000000008a6eb        0x1 
 .rodata        0x000000000008a6ec      0xa2c /home/aaa/llvm-arduino-due/build/core/variant.cpp.o
                0x000000000008a6ec                g_APinDescription
 .rodata        0x000000000008b118       0x40 /home/aaa/.arduino15/packages/arduino/hardware/sam/1.6.12/variants/arduino_due_x/libsam_sam3x8e_gcc_rel.a(adc.o)
 .rodata        0x000000000008b158       0xd8 /home/aaa/llvm-arduino-due/build/core.a(wiring_analog.c.o)
 .rodata.str1.1
                0x000000000008b230        0xf /home/aaa/llvm-arduino-due/build/core.a(Print.cpp.o)
 *fill*         0x000000000008b23f        0x1 
 .rodata        0x000000000008b240       0x10 /home/aaa/llvm-arduino-due/build/core.a(Print.cpp.o)
                0x000000000008b240                vtable for Print
 .rodata._ZTV10USARTClass
                0x000000000008b250       0x2c /home/aaa/llvm-arduino-due/build/core.a(USARTClass.cpp.o)
                0x000000000008b250                vtable for USARTClass
 .rodata        0x000000000008b27c       0x7e /home/aaa/llvm-arduino-due/build/core.a(USBCore.cpp.o)
                0x000000000008b27c                STRING_LANGUAGE
                0x000000000008b280                STRING_PRODUCT
                0x000000000008b28c                STRING_MANUFACTURER
                0x000000000008b298                USB_DeviceDescriptor
                0x000000000008b2aa                USB_DeviceDescriptorA
 *fill*         0x000000000008b2fa        0x2 
 .rodata        0x000000000008b2fc       0xac /home/aaa/llvm-arduino-due/build/core.a(CDC.cpp.o)
                0x000000000008b380                vtable for Serial_
 .rodata._ZTV6Stream
                0x000000000008b3a8       0x20 /home/aaa/llvm-arduino-due/build/core.a(CDC.cpp.o)
                0x000000000008b3a8                vtable for Stream
 .rodata        0x000000000008b3c8       0x2c /home/aaa/llvm-arduino-due/build/core.a(UARTClass.cpp.o)
                0x000000000008b3c8                vtable for UARTClass
 .rodata._ZTV14HardwareSerial
                0x000000000008b3f4       0x2c /home/aaa/llvm-arduino-due/build/core.a(UARTClass.cpp.o)
                0x000000000008b3f4                vtable for HardwareSerial
 .rodata        0x000000000008b420       0x2c /home/aaa/.arduino15/packages/arduino/hardware/sam/1.6.12/variants/arduino_due_x/libsam_sam3x8e_gcc_rel.a(pwmc.o)
 .rodata.__func__.6830
                0x000000000008b44c       0x15 /home/aaa/.arduino15/packages/arduino/hardware/sam/1.6.12/variants/arduino_due_x/libsam_sam3x8e_gcc_rel.a(pwmc.o)
 .rodata.__func__.6841
                0x000000000008b461       0x12 /home/aaa/.arduino15/packages/arduino/hardware/sam/1.6.12/variants/arduino_due_x/libsam_sam3x8e_gcc_rel.a(pwmc.o)
 .rodata.str1.1
                0x000000000008b473      0x1cc /home/aaa/.arduino15/packages/arduino/hardware/sam/1.6.12/variants/arduino_due_x/libsam_sam3x8e_gcc_rel.a(pwmc.o)
 .rodata.__func__.6804
                0x000000000008b63f       0x16 /home/aaa/.arduino15/packages/arduino/hardware/sam/1.6.12/variants/arduino_due_x/libsam_sam3x8e_gcc_rel.a(pwmc.o)
 .rodata.__func__.6793
                0x000000000008b655       0x17 /home/aaa/.arduino15/packages/arduino/hardware/sam/1.6.12/variants/arduino_due_x/libsam_sam3x8e_gcc_rel.a(pwmc.o)
 .rodata.__func__.6792
                0x000000000008b66c        0xd /home/aaa/.arduino15/packages/arduino/hardware/sam/1.6.12/variants/arduino_due_x/libsam_sam3x8e_gcc_rel.a(tc.o)
 .rodata.str1.1
                0x000000000008b679       0x54 /home/aaa/.arduino15/packages/arduino/hardware/sam/1.6.12/variants/arduino_due_x/libsam_sam3x8e_gcc_rel.a(tc.o)
 .rodata.__func__.6798
                0x000000000008b6cd        0x9 /home/aaa/.arduino15/packages/arduino/hardware/sam/1.6.12/variants/arduino_due_x/libsam_sam3x8e_gcc_rel.a(tc.o)
 *fill*         0x000000000008b6d6        0x2 
 .rodata.str1.4
                0x000000000008b6d8       0x3f /home/aaa/.arduino15/packages/arduino/tools/arm-none-eabi-gcc/4.8.3-2014q1/bin/../lib/gcc/arm-none-eabi/4.8.3/../../../../arm-none-eabi/lib/armv7-m/libg.a(lib_a-assert.o)
                                         0x44 (size before relaxing)
 *fill*         0x000000000008b717        0x1 
 .rodata.str1.4
                0x000000000008b718        0x2 /home/aaa/.arduino15/packages/arduino/tools/arm-none-eabi-gcc/4.8.3-2014q1/bin/../lib/gcc/arm-none-eabi/4.8.3/../../../../arm-none-eabi/lib/armv7-m/libg.a(lib_a-impure.o)
                                          0x4 (size before relaxing)
 *fill*         0x000000000008b71a        0x2 
 .rodata._global_impure_ptr
                0x000000000008b71c        0x4 /home/aaa/.arduino15/packages/arduino/tools/arm-none-eabi-gcc/4.8.3-2014q1/bin/../lib/gcc/arm-none-eabi/4.8.3/../../../../arm-none-eabi/lib/armv7-m/libg.a(lib_a-impure.o)
                0x000000000008b71c                _global_impure_ptr
 .rodata.blanks.6717
                0x000000000008b720       0x10 /home/aaa/.arduino15/packages/arduino/tools/arm-none-eabi-gcc/4.8.3-2014q1/bin/../lib/gcc/arm-none-eabi/4.8.3/../../../../arm-none-eabi/lib/armv7-m/libg.a(lib_a-vfiprintf.o)
 .rodata.str1.4
                0x000000000008b730       0x30 /home/aaa/.arduino15/packages/arduino/tools/arm-none-eabi-gcc/4.8.3-2014q1/bin/../lib/gcc/arm-none-eabi/4.8.3/../../../../arm-none-eabi/lib/armv7-m/libg.a(lib_a-vfiprintf.o)
 .rodata.zeroes.6718
                0x000000000008b760       0x10 /home/aaa/.arduino15/packages/arduino/tools/arm-none-eabi-gcc/4.8.3-2014q1/bin/../lib/gcc/arm-none-eabi/4.8.3/../../../../arm-none-eabi/lib/armv7-m/libg.a(lib_a-vfiprintf.o)
 *(.ARM.extab* .gnu.linkonce.armextab.*)
                0x000000000008b770                . = ALIGN (0x4)
 *(.init)
 .init          0x000000000008b770        0x4 /home/aaa/.arduino15/packages/arduino/tools/arm-none-eabi-gcc/4.8.3-2014q1/bin/../lib/gcc/arm-none-eabi/4.8.3/armv7-m/crti.o
                0x000000000008b770                _init
 .init          0x000000000008b774        0x8 /home/aaa/.arduino15/packages/arduino/tools/arm-none-eabi-gcc/4.8.3-2014q1/bin/../lib/gcc/arm-none-eabi/4.8.3/armv7-m/crtn.o
                0x000000000008b77c                . = ALIGN (0x4)
                0x000000000008b77c                __preinit_array_start = .
 *(.preinit_array)
                0x000000000008b77c                __preinit_array_end = .
                0x000000000008b77c                . = ALIGN (0x4)
                0x000000000008b77c                __init_array_start = .
 *(SORT(.init_array.*))
 .init_array.00000
                0x000000000008b77c        0x4 /home/aaa/.arduino15/packages/arduino/tools/arm-none-eabi-gcc/4.8.3-2014q1/bin/../lib/gcc/arm-none-eabi/4.8.3/../../../../arm-none-eabi/lib/armv7-m/libg.a(lib_a-__call_atexit.o)
 *(.init_array)
 .init_array    0x000000000008b780        0x4 /home/aaa/.arduino15/packages/arduino/tools/arm-none-eabi-gcc/4.8.3-2014q1/bin/../lib/gcc/arm-none-eabi/4.8.3/armv7-m/crtbegin.o
 .init_array    0x000000000008b784        0x4 /home/aaa/llvm-arduino-due/build/core/variant.cpp.o
 .init_array    0x000000000008b788        0x4 /home/aaa/llvm-arduino-due/build/core.a(USBCore.cpp.o)
 .init_array    0x000000000008b78c        0x4 /home/aaa/llvm-arduino-due/build/core.a(CDC.cpp.o)
                0x000000000008b790                __init_array_end = .
                0x000000000008b790                . = ALIGN (0x4)
 *crtbegin.o(.ctors)
 *(EXCLUDE_FILE(*crtend.o) .ctors)
 *(SORT(.ctors.*))
 *crtend.o(.ctors)
                0x000000000008b790                . = ALIGN (0x4)
 *(.fini)
 .fini          0x000000000008b790        0x4 /home/aaa/.arduino15/packages/arduino/tools/arm-none-eabi-gcc/4.8.3-2014q1/bin/../lib/gcc/arm-none-eabi/4.8.3/armv7-m/crti.o
                0x000000000008b790                _fini
 .fini          0x000000000008b794        0x8 /home/aaa/.arduino15/packages/arduino/tools/arm-none-eabi-gcc/4.8.3-2014q1/bin/../lib/gcc/arm-none-eabi/4.8.3/armv7-m/crtn.o
 *fill*         0x000000000008b79c        0x4 
 .fini.__stub   0x000000000008b7a0       0x10 linker stubs
                0x000000000008b7b0                . = ALIGN (0x4)
                0x000000000008b7b0                __fini_array_start = .
 *(.fini_array)
 .fini_array    0x000000000008b7b0        0x4 /home/aaa/.arduino15/packages/arduino/tools/arm-none-eabi-gcc/4.8.3-2014q1/bin/../lib/gcc/arm-none-eabi/4.8.3/armv7-m/crtbegin.o
 *(SORT(.fini_array.*))
                0x000000000008b7b4                __fini_array_end = .
 *crtbegin.o(.dtors)
 *(EXCLUDE_FILE(*crtend.o) .dtors)
 *(SORT(.dtors.*))
 *crtend.o(.dtors)
                0x000000000008b7b4                . = ALIGN (0x4)
                0x000000000008b7b4                _efixed = .
                0x000000000008b7b4                PROVIDE (__exidx_start, .)

.vfp11_veneer   0x000000000008b7b4        0x0
 .vfp11_veneer  0x0000000000000000        0x0 linker stubs

.v4_bx          0x000000000008b7b4        0x0
 .v4_bx         0x0000000000000000        0x0 linker stubs

.iplt           0x000000000008b7b4        0x0
 .iplt          0x0000000000000000        0x0 /home/aaa/.arduino15/packages/arduino/tools/arm-none-eabi-gcc/4.8.3-2014q1/bin/../lib/gcc/arm-none-eabi/4.8.3/armv7-m/crtbegin.o

.ARM.exidx      0x000000000008b7b4        0x8
 *(.ARM.exidx* .gnu.linkonce.armexidx.*)
 .ARM.exidx     0x000000000008b7b4        0x8 /home/aaa/llvm-arduino-due/build/Blink.ino.cpp.o
                                         0x30 (size before relaxing)
 .ARM.exidx     0x000000000008b7bc        0x0 /home/aaa/llvm-arduino-due/build/core/variant.cpp.o
                                         0xc8 (size before relaxing)
 .ARM.exidx     0x000000000008b7bc        0x0 /home/aaa/llvm-arduino-due/build/core.a(wiring_analog.c.o)
                                         0x48 (size before relaxing)
 .ARM.exidx     0x000000000008b7bc        0x0 /home/aaa/llvm-arduino-due/build/core.a(cortex_handlers.c.o)
                                         0x20 (size before relaxing)
 .ARM.exidx     0x000000000008b7bc        0x0 /home/aaa/llvm-arduino-due/build/core.a(hooks.c.o)
                                         0x18 (size before relaxing)
 .ARM.exidx     0x000000000008b7bc        0x0 /home/aaa/llvm-arduino-due/build/core.a(wiring.c.o)
                                         0x18 (size before relaxing)
 .ARM.exidx     0x000000000008b7bc        0x0 /home/aaa/llvm-arduino-due/build/core.a(syscalls_sam3.c.o)
                                         0x58 (size before relaxing)
 .ARM.exidx     0x000000000008b7bc        0x0 /home/aaa/llvm-arduino-due/build/core.a(wiring_digital.c.o)
                                         0x18 (size before relaxing)
 .ARM.exidx     0x000000000008b7bc        0x0 /home/aaa/llvm-arduino-due/build/core.a(Print.cpp.o)
                                         0xd0 (size before relaxing)
 .ARM.exidx.text._ZN5Print5writeEPKcj
                0x000000000008b7bc        0x0 /home/aaa/llvm-arduino-due/build/core.a(Print.cpp.o)
                                          0x8 (size before relaxing)
 .ARM.exidx.text._ZNK6String5c_strEv
                0x000000000008b7bc        0x0 /home/aaa/llvm-arduino-due/build/core.a(Print.cpp.o)
                                          0x8 (size before relaxing)
 .ARM.exidx.text._ZNK6String6lengthEv
                0x000000000008b7bc        0x0 /home/aaa/llvm-arduino-due/build/core.a(Print.cpp.o)
                                          0x8 (size before relaxing)
 .ARM.exidx.text._ZN5Print5writeEPKc
                0x000000000008b7bc        0x0 /home/aaa/llvm-arduino-due/build/core.a(Print.cpp.o)
                                          0x8 (size before relaxing)
 .ARM.exidx     0x000000000008b7bc        0x0 /home/aaa/llvm-arduino-due/build/core.a(USARTClass.cpp.o)
                                         0x20 (size before relaxing)
 .ARM.exidx.text._ZN14HardwareSerial5beginEm
                0x000000000008b7bc        0x0 /home/aaa/llvm-arduino-due/build/core.a(USARTClass.cpp.o)
                                          0x8 (size before relaxing)
 .ARM.exidx.text._ZN9UARTClasscvbEv
                0x000000000008b7bc        0x0 /home/aaa/llvm-arduino-due/build/core.a(USARTClass.cpp.o)
                                          0x8 (size before relaxing)
 .ARM.exidx     0x000000000008b7bc        0x0 /home/aaa/llvm-arduino-due/build/core.a(USBCore.cpp.o)
                                         0xe8 (size before relaxing)
 .ARM.exidx.text._ZN6LockEPC2Ej
                0x000000000008b7bc        0x0 /home/aaa/llvm-arduino-due/build/core.a(USBCore.cpp.o)
                                          0x8 (size before relaxing)
 .ARM.exidx.text._ZN6LockEPD2Ev
                0x000000000008b7bc        0x0 /home/aaa/llvm-arduino-due/build/core.a(USBCore.cpp.o)
                                          0x8 (size before relaxing)
 .ARM.exidx     0x000000000008b7bc        0x0 /home/aaa/llvm-arduino-due/build/core.a(CDC.cpp.o)
                                         0xc0 (size before relaxing)
 .ARM.exidx.text._ZN5Print13setWriteErrorEi
                0x000000000008b7bc        0x0 /home/aaa/llvm-arduino-due/build/core.a(CDC.cpp.o)
                                          0x8 (size before relaxing)
 .ARM.exidx.text._ZN7Serial_C2Ev
                0x000000000008b7bc        0x0 /home/aaa/llvm-arduino-due/build/core.a(CDC.cpp.o)
                                          0x8 (size before relaxing)
 .ARM.exidx.text._ZN6StreamC2Ev
                0x000000000008b7bc        0x0 /home/aaa/llvm-arduino-due/build/core.a(CDC.cpp.o)
                                          0x8 (size before relaxing)
 .ARM.exidx.text._ZN5PrintC2Ev
                0x000000000008b7bc        0x0 /home/aaa/llvm-arduino-due/build/core.a(CDC.cpp.o)
                                          0x8 (size before relaxing)
 .ARM.exidx     0x000000000008b7bc        0x0 /home/aaa/llvm-arduino-due/build/core.a(UARTClass.cpp.o)
                                         0x90 (size before relaxing)
 .ARM.exidx.text._ZN14HardwareSerialC2Ev
                0x000000000008b7bc        0x0 /home/aaa/llvm-arduino-due/build/core.a(UARTClass.cpp.o)
                                          0x8 (size before relaxing)
 .ARM.exidx.text._ZN14HardwareSerial3endEv
                0x000000000008b7bc        0x0 /home/aaa/llvm-arduino-due/build/core.a(UARTClass.cpp.o)
                                          0x8 (size before relaxing)
 .ARM.exidx     0x000000000008b7bc        0x0 /home/aaa/llvm-arduino-due/build/core.a(watchdog.cpp.o)
                                         0x20 (size before relaxing)
 .ARM.exidx     0x000000000008b7bc        0x0 /home/aaa/llvm-arduino-due/build/core.a(RingBuffer.cpp.o)
                                         0x10 (size before relaxing)
 .ARM.exidx.ramfunc
                0x000000000008b7bc        0x0 /home/aaa/llvm-arduino-due/build/core.a(Reset.cpp.o)
                                          0x8 (size before relaxing)
 .ARM.exidx     0x000000000008b7bc        0x0 /home/aaa/llvm-arduino-due/build/core.a(Reset.cpp.o)
                                         0x18 (size before relaxing)
 .ARM.exidx     0x000000000008b7bc        0x0 /home/aaa/llvm-arduino-due/build/core.a(PluggableUSB.cpp.o)
                                         0x38 (size before relaxing)
 .ARM.exidx     0x000000000008b7bc        0x0 /home/aaa/.arduino15/packages/arduino/tools/arm-none-eabi-gcc/4.8.3-2014q1/bin/../lib/gcc/arm-none-eabi/4.8.3/armv7-m/libgcc.a(_divdi3.o)
                                          0x8 (size before relaxing)
 .ARM.exidx     0x000000000008b7bc        0x0 /home/aaa/.arduino15/packages/arduino/tools/arm-none-eabi-gcc/4.8.3-2014q1/bin/../lib/gcc/arm-none-eabi/4.8.3/armv7-m/libgcc.a(_udivdi3.o)
                                          0x8 (size before relaxing)
                0x000000000008b7bc                PROVIDE (__exidx_end, .)

.eh_frame       0x000000000008b7bc        0x0
 .eh_frame      0x000000000008b7bc        0x0 /home/aaa/.arduino15/packages/arduino/tools/arm-none-eabi-gcc/4.8.3-2014q1/bin/../lib/gcc/arm-none-eabi/4.8.3/armv7-m/crtbegin.o

.rel.dyn        0x000000000008b7bc        0x0
 .rel.iplt      0x0000000000000000        0x0 /home/aaa/.arduino15/packages/arduino/tools/arm-none-eabi-gcc/4.8.3-2014q1/bin/../lib/gcc/arm-none-eabi/4.8.3/armv7-m/crtbegin.o

.jcr            0x000000000008b7bc        0x0
 .jcr           0x000000000008b7bc        0x0 /home/aaa/.arduino15/packages/arduino/tools/arm-none-eabi-gcc/4.8.3-2014q1/bin/../lib/gcc/arm-none-eabi/4.8.3/armv7-m/crtbegin.o

.igot.plt       0x000000000008b7bc        0x0
 .igot.plt      0x0000000000000000        0x0 /home/aaa/.arduino15/packages/arduino/tools/arm-none-eabi-gcc/4.8.3-2014q1/bin/../lib/gcc/arm-none-eabi/4.8.3/armv7-m/crtbegin.o
                0x000000000008b7bc                . = ALIGN (0x4)
                0x000000000008b7bc                _etext = .

.relocate       0x0000000020070000      0x95c load address 0x000000000008b7bc
                0x0000000020070000                . = ALIGN (0x4)
                0x0000000020070000                _srelocate = .
 *(.ramfunc .ramfunc.*)
 .ramfunc       0x0000000020070000       0x5e /home/aaa/llvm-arduino-due/build/core.a(Reset.cpp.o)
                0x0000000020070000                banzai
 *(.data .data.*)
 *fill*         0x000000002007005e        0x2 
 .data.SystemCoreClock
                0x0000000020070060        0x4 /home/aaa/.arduino15/packages/arduino/hardware/sam/1.6.12/variants/arduino_due_x/libsam_sam3x8e_gcc_rel.a(system_sam3xa.o)
                0x0000000020070060                SystemCoreClock
 .data          0x0000000020070064       0x54 /home/aaa/llvm-arduino-due/build/core.a(wiring_analog.c.o)
 .data          0x00000000200700b8       0x28 /home/aaa/llvm-arduino-due/build/core.a(USBCore.cpp.o)
                0x00000000200700b8                EndPoints
 .data          0x00000000200700e0       0x10 /home/aaa/llvm-arduino-due/build/core.a(CDC.cpp.o)
                0x00000000200700ec                _serialPeek
 .data          0x00000000200700f0        0x4 /home/aaa/llvm-arduino-due/build/core.a(Reset.cpp.o)
 .data.g_interrupt_enabled
                0x00000000200700f4        0x4 /home/aaa/.arduino15/packages/arduino/hardware/sam/1.6.12/variants/arduino_due_x/libsam_sam3x8e_gcc_rel.a(interrupt_sam_nvic.o)
                0x00000000200700f4                g_interrupt_enabled
 .data.impure_data
                0x00000000200700f8      0x428 /home/aaa/.arduino15/packages/arduino/tools/arm-none-eabi-gcc/4.8.3-2014q1/bin/../lib/gcc/arm-none-eabi/4.8.3/../../../../arm-none-eabi/lib/armv7-m/libg.a(lib_a-impure.o)
 .data._impure_ptr
                0x0000000020070520        0x4 /home/aaa/.arduino15/packages/arduino/tools/arm-none-eabi-gcc/4.8.3-2014q1/bin/../lib/gcc/arm-none-eabi/4.8.3/../../../../arm-none-eabi/lib/armv7-m/libg.a(lib_a-impure.o)
                0x0000000020070520                _impure_ptr
 .data.lc_ctype_charset
                0x0000000020070524       0x20 /home/aaa/.arduino15/packages/arduino/tools/arm-none-eabi-gcc/4.8.3-2014q1/bin/../lib/gcc/arm-none-eabi/4.8.3/../../../../arm-none-eabi/lib/armv7-m/libg.a(lib_a-locale.o)
 .data.__mb_cur_max
                0x0000000020070544        0x4 /home/aaa/.arduino15/packages/arduino/tools/arm-none-eabi-gcc/4.8.3-2014q1/bin/../lib/gcc/arm-none-eabi/4.8.3/../../../../arm-none-eabi/lib/armv7-m/libg.a(lib_a-locale.o)
                0x0000000020070544                __mb_cur_max
 .data.__malloc_av_
                0x0000000020070548      0x408 /home/aaa/.arduino15/packages/arduino/tools/arm-none-eabi-gcc/4.8.3-2014q1/bin/../lib/gcc/arm-none-eabi/4.8.3/../../../../arm-none-eabi/lib/armv7-m/libg.a(lib_a-mallocr.o)
                0x0000000020070548                __malloc_av_
 .data.__malloc_trim_threshold
                0x0000000020070950        0x4 /home/aaa/.arduino15/packages/arduino/tools/arm-none-eabi-gcc/4.8.3-2014q1/bin/../lib/gcc/arm-none-eabi/4.8.3/../../../../arm-none-eabi/lib/armv7-m/libg.a(lib_a-mallocr.o)
                0x0000000020070950                __malloc_trim_threshold
 .data.__malloc_sbrk_base
                0x0000000020070954        0x4 /home/aaa/.arduino15/packages/arduino/tools/arm-none-eabi-gcc/4.8.3-2014q1/bin/../lib/gcc/arm-none-eabi/4.8.3/../../../../arm-none-eabi/lib/armv7-m/libg.a(lib_a-mallocr.o)
                0x0000000020070954                __malloc_sbrk_base
 .data.__wctomb
                0x0000000020070958        0x4 /home/aaa/.arduino15/packages/arduino/tools/arm-none-eabi-gcc/4.8.3-2014q1/bin/../lib/gcc/arm-none-eabi/4.8.3/../../../../arm-none-eabi/lib/armv7-m/libg.a(lib_a-wctomb_r.o)
                0x0000000020070958                __wctomb
                0x000000002007095c                . = ALIGN (0x4)
                0x000000002007095c                _erelocate = .

.bss            0x000000002007095c      0x830 load address 0x000000000008c118
                0x000000002007095c                . = ALIGN (0x4)
                0x000000002007095c                _sbss = .
                0x000000002007095c                _szero = .
 *(.bss .bss.*)
 .bss           0x000000002007095c       0x1c /home/aaa/.arduino15/packages/arduino/tools/arm-none-eabi-gcc/4.8.3-2014q1/bin/../lib/gcc/arm-none-eabi/4.8.3/armv7-m/crtbegin.o
 .bss           0x0000000020070978      0x52c /home/aaa/llvm-arduino-due/build/core/variant.cpp.o
                0x0000000020070978                g_pinStatus
                0x00000000200709c8                rx_buffer1
                0x0000000020070a50                tx_buffer1
                0x0000000020070ad8                Serial
                0x0000000020070afc                rx_buffer2
                0x0000000020070b84                rx_buffer3
                0x0000000020070c0c                rx_buffer4
                0x0000000020070c94                tx_buffer2
                0x0000000020070d1c                tx_buffer3
                0x0000000020070da4                tx_buffer4
                0x0000000020070e2c                Serial1
                0x0000000020070e54                Serial2
                0x0000000020070e7c                Serial3
 .bss.gpf_isr   0x0000000020070ea4        0x4 /home/aaa/.arduino15/packages/arduino/hardware/sam/1.6.12/variants/arduino_due_x/libsam_sam3x8e_gcc_rel.a(uotghs.o)
                0x0000000020070ea4                gpf_isr
 .bss           0x0000000020070ea8        0xb /home/aaa/llvm-arduino-due/build/core.a(wiring_analog.c.o)
                0x0000000020070ea8                analog_reference
 *fill*         0x0000000020070eb3        0x1 
 .bss           0x0000000020070eb4        0x4 /home/aaa/llvm-arduino-due/build/core.a(syscalls_sam3.c.o)
 .bss           0x0000000020070eb8       0x1b /home/aaa/llvm-arduino-due/build/core.a(USBCore.cpp.o)
                0x0000000020070eb8                TxLEDPulse
                0x0000000020070eb9                RxLEDPulse
                0x0000000020070ebc                _usbConfiguration
                0x0000000020070ec0                _usbInitialized
                0x0000000020070ec4                _usbSetInterface
                0x0000000020070ec8                _cdcComposite
                0x0000000020070ecc                _cmark
                0x0000000020070ece                _cend
                0x0000000020070ed0                USBDevice
 *fill*         0x0000000020070ed3        0x1 
 .bss           0x0000000020070ed4      0x220 /home/aaa/llvm-arduino-due/build/core.a(CDC.cpp.o)
                0x0000000020070ed4                cdc_rx_buffer
                0x00000000200710e0                SerialUSB
 .bss           0x00000000200710f4        0x9 /home/aaa/llvm-arduino-due/build/core.a(PluggableUSB.cpp.o)
 *fill*         0x00000000200710fd        0x3 
 .bss._dwTickCount
                0x0000000020071100        0x4 /home/aaa/.arduino15/packages/arduino/hardware/sam/1.6.12/variants/arduino_due_x/libsam_sam3x8e_gcc_rel.a(timetick.o)
 .bss.ul_recv_fifo_ptr
                0x0000000020071104       0x28 /home/aaa/.arduino15/packages/arduino/hardware/sam/1.6.12/variants/arduino_due_x/libsam_sam3x8e_gcc_rel.a(uotghs_device.o)
 .bss.ul_send_fifo_ptr
                0x000000002007112c       0x28 /home/aaa/.arduino15/packages/arduino/hardware/sam/1.6.12/variants/arduino_due_x/libsam_sam3x8e_gcc_rel.a(uotghs_device.o)
 .bss.__malloc_max_total_mem
                0x0000000020071154        0x4 /home/aaa/.arduino15/packages/arduino/tools/arm-none-eabi-gcc/4.8.3-2014q1/bin/../lib/gcc/arm-none-eabi/4.8.3/../../../../arm-none-eabi/lib/armv7-m/libg.a(lib_a-mallocr.o)
                0x0000000020071154                __malloc_max_total_mem
 .bss.__malloc_max_sbrked_mem
                0x0000000020071158        0x4 /home/aaa/.arduino15/packages/arduino/tools/arm-none-eabi-gcc/4.8.3-2014q1/bin/../lib/gcc/arm-none-eabi/4.8.3/../../../../arm-none-eabi/lib/armv7-m/libg.a(lib_a-mallocr.o)
                0x0000000020071158                __malloc_max_sbrked_mem
 .bss.__malloc_top_pad
                0x000000002007115c        0x4 /home/aaa/.arduino15/packages/arduino/tools/arm-none-eabi-gcc/4.8.3-2014q1/bin/../lib/gcc/arm-none-eabi/4.8.3/../../../../arm-none-eabi/lib/armv7-m/libg.a(lib_a-mallocr.o)
                0x000000002007115c                __malloc_top_pad
 .bss.__malloc_current_mallinfo
                0x0000000020071160       0x28 /home/aaa/.arduino15/packages/arduino/tools/arm-none-eabi-gcc/4.8.3-2014q1/bin/../lib/gcc/arm-none-eabi/4.8.3/../../../../arm-none-eabi/lib/armv7-m/libg.a(lib_a-mallocr.o)
                0x0000000020071160                __malloc_current_mallinfo
 *(COMMON)
 COMMON         0x0000000020071188        0x4 /home/aaa/.arduino15/packages/arduino/tools/arm-none-eabi-gcc/4.8.3-2014q1/bin/../lib/gcc/arm-none-eabi/4.8.3/../../../../arm-none-eabi/lib/armv7-m/libg.a(lib_a-reent.o)
                0x0000000020071188                errno
                0x000000002007118c                . = ALIGN (0x4)
                0x000000002007118c                _ebss = .
                0x000000002007118c                _ezero = .
                0x000000002007118c                . = ALIGN (0x4)
                0x000000002007118c                _end = .

.stack_dummy    0x000000002007118c        0x0
 *(.stack*)
                0x0000000020088000                __StackTop = (ORIGIN (ram) + 0x18000)
                0x0000000020088000                __StackLimit = (__StackTop - SIZEOF (.stack_dummy))
                0x0000000020088000                PROVIDE (_sstack, __StackLimit)
                0x0000000020088000                PROVIDE (_estack, __StackTop)
OUTPUT(/home/aaa/llvm-arduino-due/build/Blink.elf elf32-littlearm)

.ARM.attributes
                0x0000000000000000       0x2d
 .ARM.attributes
                0x0000000000000000       0x1d /home/aaa/.arduino15/packages/arduino/tools/arm-none-eabi-gcc/4.8.3-2014q1/bin/../lib/gcc/arm-none-eabi/4.8.3/armv7-m/crti.o
 .ARM.attributes
                0x000000000000001d       0x2d /home/aaa/.arduino15/packages/arduino/tools/arm-none-eabi-gcc/4.8.3-2014q1/bin/../lib/gcc/arm-none-eabi/4.8.3/armv7-m/crtbegin.o
 .ARM.attributes
                0x000000000000004a       0x34 /home/aaa/llvm-arduino-due/build/Blink.ino.cpp.o
 .ARM.attributes
                0x000000000000007e       0x34 /home/aaa/llvm-arduino-due/build/core/variant.cpp.o
 .ARM.attributes
                0x00000000000000b2       0x33 /home/aaa/.arduino15/packages/arduino/hardware/sam/1.6.12/variants/arduino_due_x/libsam_sam3x8e_gcc_rel.a(pio.o)
 .ARM.attributes
                0x00000000000000e5       0x33 /home/aaa/.arduino15/packages/arduino/hardware/sam/1.6.12/variants/arduino_due_x/libsam_sam3x8e_gcc_rel.a(pmc.o)
 .ARM.attributes
                0x0000000000000118       0x33 /home/aaa/.arduino15/packages/arduino/hardware/sam/1.6.12/variants/arduino_due_x/libsam_sam3x8e_gcc_rel.a(system_sam3xa.o)
 .ARM.attributes
                0x000000000000014b       0x33 /home/aaa/.arduino15/packages/arduino/hardware/sam/1.6.12/variants/arduino_due_x/libsam_sam3x8e_gcc_rel.a(startup_sam3xa.o)
 .ARM.attributes
                0x000000000000017e       0x33 /home/aaa/.arduino15/packages/arduino/hardware/sam/1.6.12/variants/arduino_due_x/libsam_sam3x8e_gcc_rel.a(adc.o)
 .ARM.attributes
                0x00000000000001b1       0x33 /home/aaa/.arduino15/packages/arduino/hardware/sam/1.6.12/variants/arduino_due_x/libsam_sam3x8e_gcc_rel.a(uotghs.o)
 .ARM.attributes
                0x00000000000001e4       0x34 /home/aaa/llvm-arduino-due/build/core.a(wiring_analog.c.o)
 .ARM.attributes
                0x0000000000000218       0x34 /home/aaa/llvm-arduino-due/build/core.a(cortex_handlers.c.o)
 .ARM.attributes
                0x000000000000024c       0x34 /home/aaa/llvm-arduino-due/build/core.a(hooks.c.o)
 .ARM.attributes
                0x0000000000000280       0x34 /home/aaa/llvm-arduino-due/build/core.a(wiring.c.o)
 .ARM.attributes
                0x00000000000002b4       0x34 /home/aaa/llvm-arduino-due/build/core.a(syscalls_sam3.c.o)
 .ARM.attributes
                0x00000000000002e8       0x34 /home/aaa/llvm-arduino-due/build/core.a(wiring_digital.c.o)
 .ARM.attributes
                0x000000000000031c       0x34 /home/aaa/llvm-arduino-due/build/core.a(Print.cpp.o)
 .ARM.attributes
                0x0000000000000350       0x34 /home/aaa/llvm-arduino-due/build/core.a(USARTClass.cpp.o)
 .ARM.attributes
                0x0000000000000384       0x34 /home/aaa/llvm-arduino-due/build/core.a(USBCore.cpp.o)
 .ARM.attributes
                0x00000000000003b8       0x34 /home/aaa/llvm-arduino-due/build/core.a(CDC.cpp.o)
 .ARM.attributes
                0x00000000000003ec       0x34 /home/aaa/llvm-arduino-due/build/core.a(UARTClass.cpp.o)
 .ARM.attributes
                0x0000000000000420       0x34 /home/aaa/llvm-arduino-due/build/core.a(watchdog.cpp.o)
 .ARM.attributes
                0x0000000000000454       0x34 /home/aaa/llvm-arduino-due/build/core.a(RingBuffer.cpp.o)
 .ARM.attributes
                0x0000000000000488       0x34 /home/aaa/llvm-arduino-due/build/core.a(Reset.cpp.o)
 .ARM.attributes
                0x00000000000004bc       0x34 /home/aaa/llvm-arduino-due/build/core.a(PluggableUSB.cpp.o)
 .ARM.attributes
                0x00000000000004f0       0x33 /home/aaa/.arduino15/packages/arduino/hardware/sam/1.6.12/variants/arduino_due_x/libsam_sam3x8e_gcc_rel.a(pwmc.o)
 .ARM.attributes
                0x0000000000000523       0x33 /home/aaa/.arduino15/packages/arduino/hardware/sam/1.6.12/variants/arduino_due_x/libsam_sam3x8e_gcc_rel.a(tc.o)
 .ARM.attributes
                0x0000000000000556       0x33 /home/aaa/.arduino15/packages/arduino/hardware/sam/1.6.12/variants/arduino_due_x/libsam_sam3x8e_gcc_rel.a(timetick.o)
 .ARM.attributes
                0x0000000000000589       0x33 /home/aaa/.arduino15/packages/arduino/hardware/sam/1.6.12/variants/arduino_due_x/libsam_sam3x8e_gcc_rel.a(wdt.o)
 .ARM.attributes
                0x00000000000005bc       0x33 /home/aaa/.arduino15/packages/arduino/hardware/sam/1.6.12/variants/arduino_due_x/libsam_sam3x8e_gcc_rel.a(interrupt_sam_nvic.o)
 .ARM.attributes
                0x00000000000005ef       0x33 /home/aaa/.arduino15/packages/arduino/hardware/sam/1.6.12/variants/arduino_due_x/libsam_sam3x8e_gcc_rel.a(uotghs_device.o)
 .ARM.attributes
                0x0000000000000622       0x33 /home/aaa/.arduino15/packages/arduino/hardware/sam/1.6.12/variants/arduino_due_x/libsam_sam3x8e_gcc_rel.a(dacc.o)
 .ARM.attributes
                0x0000000000000655       0x2d /home/aaa/.arduino15/packages/arduino/tools/arm-none-eabi-gcc/4.8.3-2014q1/bin/../lib/gcc/arm-none-eabi/4.8.3/../../../../arm-none-eabi/lib/armv7-m/libm.a(lib_a-s_fpclassify.o)
 .ARM.attributes
                0x0000000000000682       0x1d /home/aaa/.arduino15/packages/arduino/tools/arm-none-eabi-gcc/4.8.3-2014q1/bin/../lib/gcc/arm-none-eabi/4.8.3/armv7-m/libgcc.a(_arm_addsubdf3.o)
 .ARM.attributes
                0x000000000000069f       0x1d /home/aaa/.arduino15/packages/arduino/tools/arm-none-eabi-gcc/4.8.3-2014q1/bin/../lib/gcc/arm-none-eabi/4.8.3/armv7-m/libgcc.a(_arm_muldivdf3.o)
 .ARM.attributes
                0x00000000000006bc       0x1d /home/aaa/.arduino15/packages/arduino/tools/arm-none-eabi-gcc/4.8.3-2014q1/bin/../lib/gcc/arm-none-eabi/4.8.3/armv7-m/libgcc.a(_arm_cmpdf2.o)
 .ARM.attributes
                0x00000000000006d9       0x1d /home/aaa/.arduino15/packages/arduino/tools/arm-none-eabi-gcc/4.8.3-2014q1/bin/../lib/gcc/arm-none-eabi/4.8.3/armv7-m/libgcc.a(_arm_fixunsdfsi.o)
 .ARM.attributes
                0x00000000000006f6       0x2d /home/aaa/.arduino15/packages/arduino/tools/arm-none-eabi-gcc/4.8.3-2014q1/bin/../lib/gcc/arm-none-eabi/4.8.3/../../../../arm-none-eabi/lib/armv7-m/libg.a(lib_a-assert.o)
 .ARM.attributes
                0x0000000000000723       0x2d /home/aaa/.arduino15/packages/arduino/tools/arm-none-eabi-gcc/4.8.3-2014q1/bin/../lib/gcc/arm-none-eabi/4.8.3/../../../../arm-none-eabi/lib/armv7-m/libg.a(lib_a-fiprintf.o)
 .ARM.attributes
                0x0000000000000750       0x2d /home/aaa/.arduino15/packages/arduino/tools/arm-none-eabi-gcc/4.8.3-2014q1/bin/../lib/gcc/arm-none-eabi/4.8.3/../../../../arm-none-eabi/lib/armv7-m/libg.a(lib_a-impure.o)
 .ARM.attributes
                0x000000000000077d       0x2d /home/aaa/.arduino15/packages/arduino/tools/arm-none-eabi-gcc/4.8.3-2014q1/bin/../lib/gcc/arm-none-eabi/4.8.3/../../../../arm-none-eabi/lib/armv7-m/libg.a(lib_a-init.o)
 .ARM.attributes
                0x00000000000007aa       0x2d /home/aaa/.arduino15/packages/arduino/tools/arm-none-eabi-gcc/4.8.3-2014q1/bin/../lib/gcc/arm-none-eabi/4.8.3/../../../../arm-none-eabi/lib/armv7-m/libg.a(lib_a-memset.o)
 .ARM.attributes